This is pdfTeX, Version 3.141592653-2.6-1.40.22 (TeX Live 2022/dev/Debian) (preloaded format=pdflatex 2026.9.16)  19 SEP 2026 11:43
entering extended mode
 restricted \write18 enabled.
 %&-line parsing enabled.
**progress_update.tex
(./progress_update.tex
LaTeX2e <2021-11-15> patch level 1
L3 programming layer <2022-01-21>
(/usr/share/texlive/texmf-dist/tex/latex/base/article.cls
Document Class: article 2021/10/04 v1.4n Standard LaTeX document class
(/usr/share/texlive/texmf-dist/tex/latex/base/size11.clo
File: size11.clo 2021/10/04 v1.4n Standard LaTeX file (size option)
)
\c@part=\count185
\c@section=\count186
\c@subsection=\count187
\c@subsubsection=\count188
\c@paragraph=\count189
\c@subparagraph=\count190
\c@figure=\count191
\c@table=\count192
\abovecaptionskip=\skip47
\belowcaptionskip=\skip48
\bibindent=\dimen138
)
(/usr/share/texlive/texmf-dist/tex/latex/base/fontenc.sty
Package: fontenc 2021/04/29 v2.0v Standard LaTeX package
)
(/usr/share/texlive/texmf-dist/tex/latex/base/inputenc.sty
Package: inputenc 2021/02/14 v1.3d Input encoding file
\inpenc@prehook=\toks16
\inpenc@posthook=\toks17
)
(/usr/share/texmf/tex/latex/lm/lmodern.sty
Package: lmodern 2009/10/30 v1.6 Latin Modern Fonts
LaTeX Font Info:    Overwriting symbol font `operators' in version `normal'
(Font)                  OT1/cmr/m/n --> OT1/lmr/m/n on input line 22.
LaTeX Font Info:    Overwriting symbol font `letters' in version `normal'
(Font)                  OML/cmm/m/it --> OML/lmm/m/it on input line 23.
LaTeX Font Info:    Overwriting symbol font `symbols' in version `normal'
(Font)                  OMS/cmsy/m/n --> OMS/lmsy/m/n on input line 24.
LaTeX Font Info:    Overwriting symbol font `largesymbols' in version `normal'
(Font)                  OMX/cmex/m/n --> OMX/lmex/m/n on input line 25.
LaTeX Font Info:    Overwriting symbol font `operators' in version `bold'
(Font)                  OT1/cmr/bx/n --> OT1/lmr/bx/n on input line 26.
LaTeX Font Info:    Overwriting symbol font `letters' in version `bold'
(Font)                  OML/cmm/b/it --> OML/lmm/b/it on input line 27.
LaTeX Font Info:    Overwriting symbol font `symbols' in version `bold'
(Font)                  OMS/cmsy/b/n --> OMS/lmsy/b/n on input line 28.
LaTeX Font Info:    Overwriting symbol font `largesymbols' in version `bold'
(Font)                  OMX/cmex/m/n --> OMX/lmex/m/n on input line 29.
LaTeX Font Info:    Overwriting math alphabet `\mathbf' in version `normal'
(Font)                  OT1/cmr/bx/n --> OT1/lmr/bx/n on input line 31.
LaTeX Font Info:    Overwriting math alphabet `\mathsf' in version `normal'
(Font)                  OT1/cmss/m/n --> OT1/lmss/m/n on input line 32.
LaTeX Font Info:    Overwriting math alphabet `\mathit' in version `normal'
(Font)                  OT1/cmr/m/it --> OT1/lmr/m/it on input line 33.
LaTeX Font Info:    Overwriting math alphabet `\mathtt' in version `normal'
(Font)                  OT1/cmtt/m/n --> OT1/lmtt/m/n on input line 34.
LaTeX Font Info:    Overwriting math alphabet `\mathbf' in version `bold'
(Font)                  OT1/cmr/bx/n --> OT1/lmr/bx/n on input line 35.
LaTeX Font Info:    Overwriting math alphabet `\mathsf' in version `bold'
(Font)                  OT1/cmss/bx/n --> OT1/lmss/bx/n on input line 36.
LaTeX Font Info:    Overwriting math alphabet `\mathit' in version `bold'
(Font)                  OT1/cmr/bx/it --> OT1/lmr/bx/it on input line 37.
LaTeX Font Info:    Overwriting math alphabet `\mathtt' in version `bold'
(Font)                  OT1/cmtt/m/n --> OT1/lmtt/m/n on input line 38.
)
(/usr/share/texlive/texmf-dist/tex/latex/geometry/geometry.sty
Package: geometry 2020/01/02 v5.9 Page Geometry

(/usr/share/texlive/texmf-dist/tex/latex/graphics/keyval.sty
Package: keyval 2014/10/28 v1.15 key=value parser (DPC)
\KV@toks@=\toks18
)
(/usr/share/texlive/texmf-dist/tex/generic/iftex/ifvtex.sty
Package: ifvtex 2019/10/25 v1.7 ifvtex legacy package. Use iftex instead.

(/usr/share/texlive/texmf-dist/tex/generic/iftex/iftex.sty
Package: iftex 2020/03/06 v1.0d TeX engine tests
))
\Gm@cnth=\count193
\Gm@cntv=\count194
\c@Gm@tempcnt=\count195
\Gm@bindingoffset=\dimen139
\Gm@wd@mp=\dimen140
\Gm@odd@mp=\dimen141
\Gm@even@mp=\dimen142
\Gm@layoutwidth=\dimen143
\Gm@layoutheight=\dimen144
\Gm@layouthoffset=\dimen145
\Gm@layoutvoffset=\dimen146
\Gm@dimlist=\toks19
)
(/usr/share/texlive/texmf-dist/tex/latex/microtype/microtype.sty
Package: microtype 2021/12/10 v3.0b Micro-typographical refinements (RS)

(/usr/share/texlive/texmf-dist/tex/latex/etoolbox/etoolbox.sty
Package: etoolbox 2020/10/05 v2.5k e-TeX tools for LaTeX (JAW)
\etb@tempcnta=\count196
)
\MT@toks=\toks20
\MT@count=\count197
\MT@tempbox=\box50
LaTeX Info: Redefining \leftprotrusion on input line 1010.
LaTeX Info: Redefining \rightprotrusion on input line 1018.
LaTeX Info: Redefining \textls on input line 1173.
\MT@outer@kern=\dimen147
LaTeX Info: Redefining \textmicrotypecontext on input line 1759.
\MT@listname@count=\count198

(/usr/share/texlive/texmf-dist/tex/latex/microtype/microtype-pdftex.def
File: microtype-pdftex.def 2021/12/10 v3.0b Definitions specific to pdftex (RS)

LaTeX Info: Redefining \lsstyle on input line 897.
LaTeX Info: Redefining \lslig on input line 897.
\MT@outer@space=\skip49
)
Package microtype Info: Loading configuration file microtype.cfg.

(/usr/share/texlive/texmf-dist/tex/latex/microtype/microtype.cfg
File: microtype.cfg 2021/12/10 v3.0b microtype main configuration file (RS)
))
(/usr/share/texlive/texmf-dist/tex/latex/xcolor/xcolor.sty
Package: xcolor 2021/10/31 v2.13 LaTeX color extensions (UK)

(/usr/share/texlive/texmf-dist/tex/latex/graphics-cfg/color.cfg
File: color.cfg 2016/01/02 v1.6 sample color configuration
)
Package xcolor Info: Driver file: pdftex.def on input line 227.

(/usr/share/texlive/texmf-dist/tex/latex/graphics-def/pdftex.def
File: pdftex.def 2020/10/05 v1.2a Graphics/color driver for pdftex
)
Package xcolor Info: Model `cmy' substituted by `cmy0' on input line 1352.
Package xcolor Info: Model `hsb' substituted by `rgb' on input line 1356.
Package xcolor Info: Model `RGB' extended on input line 1368.
Package xcolor Info: Model `HTML' substituted by `rgb' on input line 1370.
Package xcolor Info: Model `Hsb' substituted by `hsb' on input line 1371.
Package xcolor Info: Model `tHsb' substituted by `hsb' on input line 1372.
Package xcolor Info: Model `HSB' substituted by `hsb' on input line 1373.
Package xcolor Info: Model `Gray' substituted by `gray' on input line 1374.
Package xcolor Info: Model `wave' substituted by `hsb' on input line 1375.
)
(/usr/share/texlive/texmf-dist/tex/latex/enumitem/enumitem.sty
Package: enumitem 2019/06/20 v3.9 Customized lists
\labelindent=\skip50
\enit@outerparindent=\dimen148
\enit@toks=\toks21
\enit@inbox=\box51
\enit@count@id=\count199
\enitdp@description=\count266
)
(/usr/share/texlive/texmf-dist/tex/latex/pdfpages/pdfpages.sty
Package: pdfpages 2022/01/29 v0.5u Insert pages of external PDF documents (AM)

(/usr/share/texlive/texmf-dist/tex/latex/base/ifthen.sty
Package: ifthen 2020/11/24 v1.1c Standard LaTeX ifthen package (DPC)
)
(/usr/share/texlive/texmf-dist/tex/latex/tools/calc.sty
Package: calc 2017/05/25 v4.3 Infix arithmetic (KKT,FJ)
\calc@Acount=\count267
\calc@Bcount=\count268
\calc@Adimen=\dimen149
\calc@Bdimen=\dimen150
\calc@Askip=\skip51
\calc@Bskip=\skip52
LaTeX Info: Redefining \setlength on input line 80.
LaTeX Info: Redefining \addtolength on input line 81.
\calc@Ccount=\count269
\calc@Cskip=\skip53
)
(/usr/share/texlive/texmf-dist/tex/latex/eso-pic/eso-pic.sty
Package: eso-pic 2020/10/14 v3.0a eso-pic (RN)
\ESO@tempdima=\dimen151
\ESO@tempdimb=\dimen152
)
(/usr/share/texlive/texmf-dist/tex/latex/graphics/graphicx.sty
Package: graphicx 2021/09/16 v1.2d Enhanced LaTeX Graphics (DPC,SPQR)

(/usr/share/texlive/texmf-dist/tex/latex/graphics/graphics.sty
Package: graphics 2021/03/04 v1.4d Standard LaTeX Graphics (DPC,SPQR)

(/usr/share/texlive/texmf-dist/tex/latex/graphics/trig.sty
Package: trig 2021/08/11 v1.11 sin cos tan (DPC)
)
(/usr/share/texlive/texmf-dist/tex/latex/graphics-cfg/graphics.cfg
File: graphics.cfg 2016/06/04 v1.11 sample graphics configuration
)
Package graphics Info: Driver file: pdftex.def on input line 107.
)
\Gin@req@height=\dimen153
\Gin@req@width=\dimen154
)
\AM@pagewidth=\dimen155
\AM@pageheight=\dimen156
\AM@fboxrule=\dimen157

(/usr/share/texlive/texmf-dist/tex/latex/pdfpages/pppdftex.def
File: pppdftex.def 2022/01/29 v0.5u Pdfpages driver for pdfTeX (AM)
)
\pdfpages@includegraphics@status=\count270
\AM@pagebox=\box52
\AM@global@opts=\toks22
\AM@pagecnt=\count271
\AM@toc@title=\toks23
\c@AM@survey=\count272
\AM@templatesizebox=\box53
)
(/usr/share/texlive/texmf-dist/tex/latex/hyperref/hyperref.sty
Package: hyperref 2021-06-07 v7.00m Hypertext links for LaTeX

(/usr/share/texlive/texmf-dist/tex/generic/ltxcmds/ltxcmds.sty
Package: ltxcmds 2020-05-10 v1.25 LaTeX kernel commands for general use (HO)
)
(/usr/share/texlive/texmf-dist/tex/generic/pdftexcmds/pdftexcmds.sty
Package: pdftexcmds 2020-06-27 v0.33 Utility functions of pdfTeX for LuaTeX (HO
)

(/usr/share/texlive/texmf-dist/tex/generic/infwarerr/infwarerr.sty
Package: infwarerr 2019/12/03 v1.5 Providing info/warning/error messages (HO)
)
Package pdftexcmds Info: \pdf@primitive is available.
Package pdftexcmds Info: \pdf@ifprimitive is available.
Package pdftexcmds Info: \pdfdraftmode found.
)
(/usr/share/texlive/texmf-dist/tex/generic/kvsetkeys/kvsetkeys.sty
Package: kvsetkeys 2019/12/15 v1.18 Key value parser (HO)
)
(/usr/share/texlive/texmf-dist/tex/generic/kvdefinekeys/kvdefinekeys.sty
Package: kvdefinekeys 2019-12-19 v1.6 Define keys (HO)
)
(/usr/share/texlive/texmf-dist/tex/generic/pdfescape/pdfescape.sty
Package: pdfescape 2019/12/09 v1.15 Implements pdfTeX's escape features (HO)
)
(/usr/share/texlive/texmf-dist/tex/latex/hycolor/hycolor.sty
Package: hycolor 2020-01-27 v1.10 Color options for hyperref/bookmark (HO)
)
(/usr/share/texlive/texmf-dist/tex/latex/letltxmacro/letltxmacro.sty
Package: letltxmacro 2019/12/03 v1.6 Let assignment for LaTeX macros (HO)
)
(/usr/share/texlive/texmf-dist/tex/latex/auxhook/auxhook.sty
Package: auxhook 2019-12-17 v1.6 Hooks for auxiliary files (HO)
)
(/usr/share/texlive/texmf-dist/tex/latex/kvoptions/kvoptions.sty
Package: kvoptions 2020-10-07 v3.14 Key value format for package options (HO)
)
\@linkdim=\dimen158
\Hy@linkcounter=\count273
\Hy@pagecounter=\count274

(/usr/share/texlive/texmf-dist/tex/latex/hyperref/pd1enc.def
File: pd1enc.def 2021-06-07 v7.00m Hyperref: PDFDocEncoding definition (HO)
Now handling font encoding PD1 ...
... no UTF-8 mapping file for font encoding PD1
)
(/usr/share/texlive/texmf-dist/tex/latex/hyperref/hyperref-langpatches.def
File: hyperref-langpatches.def 2021-06-07 v7.00m Hyperref: patches for babel la
nguages
)
(/usr/share/texlive/texmf-dist/tex/generic/intcalc/intcalc.sty
Package: intcalc 2019/12/15 v1.3 Expandable calculations with integers (HO)
)
(/usr/share/texlive/texmf-dist/tex/generic/etexcmds/etexcmds.sty
Package: etexcmds 2019/12/15 v1.7 Avoid name clashes with e-TeX commands (HO)
)
\Hy@SavedSpaceFactor=\count275

(/usr/share/texlive/texmf-dist/tex/latex/hyperref/puenc.def
File: puenc.def 2021-06-07 v7.00m Hyperref: PDF Unicode definition (HO)
Now handling font encoding PU ...
... no UTF-8 mapping file for font encoding PU
)
Package hyperref Info: Hyper figures OFF on input line 4192.
Package hyperref Info: Link nesting OFF on input line 4197.
Package hyperref Info: Hyper index ON on input line 4200.
Package hyperref Info: Plain pages OFF on input line 4207.
Package hyperref Info: Backreferencing OFF on input line 4212.
Package hyperref Info: Implicit mode ON; LaTeX internals redefined.
Package hyperref Info: Bookmarks ON on input line 4445.
\c@Hy@tempcnt=\count276

(/usr/share/texlive/texmf-dist/tex/latex/url/url.sty
\Urlmuskip=\muskip16
Package: url 2013/09/16  ver 3.4  Verb mode for urls, etc.
)
LaTeX Info: Redefining \url on input line 4804.
\XeTeXLinkMargin=\dimen159

(/usr/share/texlive/texmf-dist/tex/generic/bitset/bitset.sty
Package: bitset 2019/12/09 v1.3 Handle bit-vector datatype (HO)

(/usr/share/texlive/texmf-dist/tex/generic/bigintcalc/bigintcalc.sty
Package: bigintcalc 2019/12/15 v1.5 Expandable calculations on big integers (HO
)
))
\Fld@menulength=\count277
\Field@Width=\dimen160
\Fld@charsize=\dimen161
Package hyperref Info: Hyper figures OFF on input line 6076.
Package hyperref Info: Link nesting OFF on input line 6081.
Package hyperref Info: Hyper index ON on input line 6084.
Package hyperref Info: backreferencing OFF on input line 6091.
Package hyperref Info: Link coloring OFF on input line 6096.
Package hyperref Info: Link coloring with OCG OFF on input line 6101.
Package hyperref Info: PDF/A mode OFF on input line 6106.
LaTeX Info: Redefining \ref on input line 6146.
LaTeX Info: Redefining \pageref on input line 6150.

(/usr/share/texlive/texmf-dist/tex/latex/base/atbegshi-ltx.sty
Package: atbegshi-ltx 2021/01/10 v1.0c Emulation of the original atbegshi
package with kernel methods
)
\Hy@abspage=\count278
\c@Item=\count279
\c@Hfootnote=\count280
)
Package hyperref Info: Driver (autodetected): hpdftex.

(/usr/share/texlive/texmf-dist/tex/latex/hyperref/hpdftex.def
File: hpdftex.def 2021-06-07 v7.00m Hyperref driver for pdfTeX

(/usr/share/texlive/texmf-dist/tex/latex/base/atveryend-ltx.sty
Package: atveryend-ltx 2020/08/19 v1.0a Emulation of the original atveryend pac
kage
with kernel methods
)
\Fld@listcount=\count281
\c@bookmark@seq@number=\count282

(/usr/share/texlive/texmf-dist/tex/latex/rerunfilecheck/rerunfilecheck.sty
Package: rerunfilecheck 2019/12/05 v1.9 Rerun checks for auxiliary files (HO)

(/usr/share/texlive/texmf-dist/tex/generic/uniquecounter/uniquecounter.sty
Package: uniquecounter 2019/12/15 v1.4 Provide unlimited unique counter (HO)
)
Package uniquecounter Info: New unique counter `rerunfilecheck' on input line 2
86.
)
\Hy@SectionHShift=\skip54
)
LaTeX Font Info:    Trying to load font information for T1+lmr on input line 44
.

(/usr/share/texmf/tex/latex/lm/t1lmr.fd
File: t1lmr.fd 2009/10/30 v1.6 Font defs for Latin Modern
)
(/usr/share/texlive/texmf-dist/tex/latex/l3backend/l3backend-pdftex.def
File: l3backend-pdftex.def 2022-01-12 L3 backend support: PDF output (pdfTeX)
\l__color_backend_stack_int=\count283
\l__pdf_internal_box=\box54
)
(./progress_update.aux)
\openout1 = `progress_update.aux'.

LaTeX Font Info:    Checking defaults for OML/cmm/m/it on input line 44.
LaTeX Font Info:    ... okay on input line 44.
LaTeX Font Info:    Checking defaults for OMS/cmsy/m/n on input line 44.
LaTeX Font Info:    ... okay on input line 44.
LaTeX Font Info:    Checking defaults for OT1/cmr/m/n on input line 44.
LaTeX Font Info:    ... okay on input line 44.
LaTeX Font Info:    Checking defaults for T1/cmr/m/n on input line 44.
LaTeX Font Info:    ... okay on input line 44.
LaTeX Font Info:    Checking defaults for TS1/cmr/m/n on input line 44.
LaTeX Font Info:    ... okay on input line 44.
LaTeX Font Info:    Checking defaults for OMX/cmex/m/n on input line 44.
LaTeX Font Info:    ... okay on input line 44.
LaTeX Font Info:    Checking defaults for U/cmr/m/n on input line 44.
LaTeX Font Info:    ... okay on input line 44.
LaTeX Font Info:    Checking defaults for PD1/pdf/m/n on input line 44.
LaTeX Font Info:    ... okay on input line 44.
LaTeX Font Info:    Checking defaults for PU/pdf/m/n on input line 44.
LaTeX Font Info:    ... okay on input line 44.

*geometry* driver: auto-detecting
*geometry* detected driver: pdftex
*geometry* verbose mode - [ preamble ] result:
* driver: pdftex
* paper: a4paper
* layout: <same size as paper>
* layoutoffset:(h,v)=(0.0pt,0.0pt)
* modes: 
* h-part:(L,W,R)=(68.2866pt, 460.93466pt, 68.2866pt)
* v-part:(T,H,B)=(68.2866pt, 708.47363pt, 68.2866pt)
* \paperwidth=597.50787pt
* \paperheight=845.04684pt
* \textwidth=460.93466pt
* \textheight=708.47363pt
* \oddsidemargin=-3.98338pt
* \evensidemargin=-3.98338pt
* \topmargin=-40.98338pt
* \headheight=12.0pt
* \headsep=25.0pt
* \topskip=11.0pt
* \footskip=30.0pt
* \marginparwidth=50.0pt
* \marginparsep=10.0pt
* \columnsep=10.0pt
* \skip\footins=10.0pt plus 4.0pt minus 2.0pt
* \hoffset=0.0pt
* \voffset=0.0pt
* \mag=1000
* \@twocolumnfalse
* \@twosidefalse
* \@mparswitchfalse
* \@reversemarginfalse
* (1in=72.27pt=25.4mm, 1cm=28.453pt)

LaTeX Info: Redefining \microtypecontext on input line 44.
Package microtype Info: Applying patch `item' on input line 44.
Package microtype Info: Applying patch `toc' on input line 44.
Package microtype Info: Applying patch `eqnum' on input line 44.
Package microtype Info: Applying patch `footnote' on input line 44.
Package microtype Info: Generating PDF output.
Package microtype Info: Character protrusion enabled (level 2).
Package microtype Info: Using default protrusion set `alltext'.
Package microtype Info: Automatic font expansion enabled (level 2),
(microtype)             stretch: 20, shrink: 20, step: 1, non-selected.
Package microtype Info: Using default expansion set `alltext-nott'.
LaTeX Info: Redefining \showhyphens on input line 44.
Package microtype Info: No adjustment of tracking.
Package microtype Info: No adjustment of interword spacing.
Package microtype Info: No adjustment of character kerning.
(/usr/share/texlive/texmf-dist/tex/latex/microtype/mt-cmr.cfg
File: mt-cmr.cfg 2013/05/19 v2.2 microtype config. file: Computer Modern Roman 
(RS)
)
(/usr/share/texlive/texmf-dist/tex/context/base/mkii/supp-pdf.mkii
[Loading MPS to PDF converter (version 2006.09.02).]
\scratchcounter=\count284
\scratchdimen=\dimen162
\scratchbox=\box55
\nofMPsegments=\count285
\nofMParguments=\count286
\everyMPshowfont=\toks24
\MPscratchCnt=\count287
\MPscratchDim=\dimen163
\MPnumerator=\count288
\makeMPintoPDFobject=\count289
\everyMPtoPDFconversion=\toks25
) (/usr/share/texlive/texmf-dist/tex/latex/epstopdf-pkg/epstopdf-base.sty
Package: epstopdf-base 2020-01-24 v2.11 Base part for package epstopdf
Package epstopdf-base Info: Redefining graphics rule for `.eps' on input line 4
85.

(/usr/share/texlive/texmf-dist/tex/latex/latexconfig/epstopdf-sys.cfg
File: epstopdf-sys.cfg 2010/07/13 v1.3 Configuration of (r)epstopdf for TeX Liv
e
))
(/usr/share/texlive/texmf-dist/tex/latex/pdflscape/pdflscape.sty
Package: pdflscape 2019/12/05 v0.12 Display of landscape pages in PDF (HO)

(/usr/share/texlive/texmf-dist/tex/latex/graphics/lscape.sty
Package: lscape 2020/05/28 v3.02 Landscape Pages (DPC)
)
Package pdflscape Info: Auto-detected driver: pdftex on input line 81.
)
Package hyperref Info: Link coloring OFF on input line 44.

(/usr/share/texlive/texmf-dist/tex/latex/hyperref/nameref.sty
Package: nameref 2021-04-02 v2.47 Cross-referencing by name of section

(/usr/share/texlive/texmf-dist/tex/latex/refcount/refcount.sty
Package: refcount 2019/12/15 v3.6 Data extraction from label references (HO)
)
(/usr/share/texlive/texmf-dist/tex/generic/gettitlestring/gettitlestring.sty
Package: gettitlestring 2019/12/15 v1.6 Cleanup title references (HO)
)
\c@section@level=\count290
)
LaTeX Info: Redefining \ref on input line 44.
LaTeX Info: Redefining \pageref on input line 44.
LaTeX Info: Redefining \nameref on input line 44.

(./progress_update.out) (./progress_update.out)
\@outlinefile=\write3
\openout3 = `progress_update.out'.

LaTeX Font Info:    Trying to load font information for OT1+lmr on input line 6
0.

(/usr/share/texmf/tex/latex/lm/ot1lmr.fd
File: ot1lmr.fd 2009/10/30 v1.6 Font defs for Latin Modern
)
LaTeX Font Info:    Trying to load font information for OML+lmm on input line 6
0.

(/usr/share/texmf/tex/latex/lm/omllmm.fd
File: omllmm.fd 2009/10/30 v1.6 Font defs for Latin Modern
)
LaTeX Font Info:    Trying to load font information for OMS+lmsy on input line 
60.

(/usr/share/texmf/tex/latex/lm/omslmsy.fd
File: omslmsy.fd 2009/10/30 v1.6 Font defs for Latin Modern
)
LaTeX Font Info:    Trying to load font information for OMX+lmex on input line 
60.

(/usr/share/texmf/tex/latex/lm/omxlmex.fd
File: omxlmex.fd 2009/10/30 v1.6 Font defs for Latin Modern
)
LaTeX Font Info:    External font `lmex10' loaded for size
(Font)              <10> on input line 60.
LaTeX Font Info:    External font `lmex10' loaded for size
(Font)              <7> on input line 60.
LaTeX Font Info:    External font `lmex10' loaded for size
(Font)              <5> on input line 60.
 [1

{/var/lib/texmf/fonts/map/pdftex/updmap/pdftex.map}] [2

]
<summary.pdf, id=27, 597.50829pt x 845.0471pt>
File: summary.pdf Graphic file (type pdf)
<use summary.pdf>
Package pdftex.def Info: summary.pdf  used on input line 137.
(pdftex.def)             Requested size: 597.50682pt x 845.04504pt.
File: summary.pdf Graphic file (type pdf)
<use summary.pdf>
Package pdftex.def Info: summary.pdf  used on input line 137.
(pdftex.def)             Requested size: 597.50682pt x 845.04504pt.
<summary.pdf, id=30, page=1, 597.50829pt x 845.0471pt>
File: summary.pdf Graphic file (type pdf)
<use summary.pdf, page 1>
Package pdftex.def Info: summary.pdf , page1 used on input line 137.
(pdftex.def)             Requested size: 597.50682pt x 845.04504pt.
File: summary.pdf Graphic file (type pdf)
<use summary.pdf, page 1>
Package pdftex.def Info: summary.pdf , page1 used on input line 137.
(pdftex.def)             Requested size: 597.53416pt x 845.08372pt.
File: summary.pdf Graphic file (type pdf)
<use summary.pdf, page 1>
Package pdftex.def Info: summary.pdf , page1 used on input line 137.
(pdftex.def)             Requested size: 597.53416pt x 845.08372pt.
File: summary.pdf Graphic file (type pdf)
<use summary.pdf, page 1>
Package pdftex.def Info: summary.pdf , page1 used on input line 137.
(pdftex.def)             Requested size: 597.53416pt x 845.08372pt.
File: summary.pdf Graphic file (type pdf)
<use summary.pdf, page 1>
Package pdftex.def Info: summary.pdf , page1 used on input line 137.
(pdftex.def)             Requested size: 597.53416pt x 845.08372pt.
 [3

 <./summary.pdf>]
<summary.pdf, id=98, page=2, 597.50829pt x 845.0471pt>
File: summary.pdf Graphic file (type pdf)
<use summary.pdf, page 2>
Package pdftex.def Info: summary.pdf , page2 used on input line 137.
(pdftex.def)             Requested size: 597.53416pt x 845.08372pt.
File: summary.pdf Graphic file (type pdf)
<use summary.pdf, page 2>
Package pdftex.def Info: summary.pdf , page2 used on input line 137.
(pdftex.def)             Requested size: 597.53416pt x 845.08372pt.
File: summary.pdf Graphic file (type pdf)
<use summary.pdf, page 2>
Package pdftex.def Info: summary.pdf , page2 used on input line 137.
(pdftex.def)             Requested size: 597.53416pt x 845.08372pt.
 [4 <./summary.pdf>]
<../minor_report/main.pdf, id=109, 597.50829pt x 845.0471pt>
File: ../minor_report/main.pdf Graphic file (type pdf)
<use ../minor_report/main.pdf>
Package pdftex.def Info: ../minor_report/main.pdf  used on input line 138.
(pdftex.def)             Requested size: 597.50682pt x 845.04504pt.
File: ../minor_report/main.pdf Graphic file (type pdf)
<use ../minor_report/main.pdf>
Package pdftex.def Info: ../minor_report/main.pdf  used on input line 138.
(pdftex.def)             Requested size: 597.50682pt x 845.04504pt.
<../minor_report/main.pdf, id=112, page=1, 597.50829pt x 845.0471pt>
File: ../minor_report/main.pdf Graphic file (type pdf)
<use ../minor_report/main.pdf, page 1>
Package pdftex.def Info: ../minor_report/main.pdf , page1 used on input line 13
8.
(pdftex.def)             Requested size: 597.50682pt x 845.04504pt.
File: ../minor_report/main.pdf Graphic file (type pdf)
<use ../minor_report/main.pdf, page 1>
Package pdftex.def Info: ../minor_report/main.pdf , page1 used on input line 13
8.
(pdftex.def)             Requested size: 597.53416pt x 845.08372pt.
File: ../minor_report/main.pdf Graphic file (type pdf)
<use ../minor_report/main.pdf, page 1>
Package pdftex.def Info: ../minor_report/main.pdf , page1 used on input line 13
8.
(pdftex.def)             Requested size: 597.53416pt x 845.08372pt.
File: ../minor_report/main.pdf Graphic file (type pdf)
<use ../minor_report/main.pdf, page 1>
Package pdftex.def Info: ../minor_report/main.pdf , page1 used on input line 13
8.
(pdftex.def)             Requested size: 597.53416pt x 845.08372pt.
File: ../minor_report/main.pdf Graphic file (type pdf)
<use ../minor_report/main.pdf, page 1>
Package pdftex.def Info: ../minor_report/main.pdf , page1 used on input line 13
8.
(pdftex.def)             Requested size: 597.53416pt x 845.08372pt.
 [5 <../minor_report/main.pdf>]
<../minor_report/main.pdf, id=128, page=2, 597.50829pt x 845.0471pt>
File: ../minor_report/main.pdf Graphic file (type pdf)
<use ../minor_report/main.pdf, page 2>
Package pdftex.def Info: ../minor_report/main.pdf , page2 used on input line 13
8.
(pdftex.def)             Requested size: 597.53416pt x 845.08372pt.
File: ../minor_report/main.pdf Graphic file (type pdf)
<use ../minor_report/main.pdf, page 2>
Package pdftex.def Info: ../minor_report/main.pdf , page2 used on input line 13
8.
(pdftex.def)             Requested size: 597.53416pt x 845.08372pt.
File: ../minor_report/main.pdf Graphic file (type pdf)
<use ../minor_report/main.pdf, page 2>
Package pdftex.def Info: ../minor_report/main.pdf , page2 used on input line 13
8.
(pdftex.def)             Requested size: 597.53416pt x 845.08372pt.
 [6 <../minor_report/main.pdf>]
<../minor_report/main.pdf, id=137, page=3, 597.50829pt x 845.0471pt>
File: ../minor_report/main.pdf Graphic file (type pdf)
<use ../minor_report/main.pdf, page 3>
Package pdftex.def Info: ../minor_report/main.pdf , page3 used on input line 13
8.
(pdftex.def)             Requested size: 597.53416pt x 845.08372pt.
File: ../minor_report/main.pdf Graphic file (type pdf)
<use ../minor_report/main.pdf, page 3>
Package pdftex.def Info: ../minor_report/main.pdf , page3 used on input line 13
8.
(pdftex.def)             Requested size: 597.53416pt x 845.08372pt.
File: ../minor_report/main.pdf Graphic file (type pdf)
<use ../minor_report/main.pdf, page 3>
Package pdftex.def Info: ../minor_report/main.pdf , page3 used on input line 13
8.
(pdftex.def)             Requested size: 597.53416pt x 845.08372pt.
 [7 <../minor_report/main.pdf>]
<../minor_report/main.pdf, id=143, page=4, 597.50829pt x 845.0471pt>
File: ../minor_report/main.pdf Graphic file (type pdf)
<use ../minor_report/main.pdf, page 4>
Package pdftex.def Info: ../minor_report/main.pdf , page4 used on input line 13
8.
(pdftex.def)             Requested size: 597.53416pt x 845.08372pt.
File: ../minor_report/main.pdf Graphic file (type pdf)
<use ../minor_report/main.pdf, page 4>
Package pdftex.def Info: ../minor_report/main.pdf , page4 used on input line 13
8.
(pdftex.def)             Requested size: 597.53416pt x 845.08372pt.
File: ../minor_report/main.pdf Graphic file (type pdf)
<use ../minor_report/main.pdf, page 4>
Package pdftex.def Info: ../minor_report/main.pdf , page4 used on input line 13
8.
(pdftex.def)             Requested size: 597.53416pt x 845.08372pt.

[8 <../minor_report/main.pdf>]
<../minor_report/main.pdf, id=158, page=5, 597.50829pt x 845.0471pt>
File: ../minor_report/main.pdf Graphic file (type pdf)
<use ../minor_report/main.pdf, page 5>
Package pdftex.def Info: ../minor_report/main.pdf , page5 used on input line 13
8.
(pdftex.def)             Requested size: 597.53416pt x 845.08372pt.
File: ../minor_report/main.pdf Graphic file (type pdf)
<use ../minor_report/main.pdf, page 5>
Package pdftex.def Info: ../minor_report/main.pdf , page5 used on input line 13
8.
(pdftex.def)             Requested size: 597.53416pt x 845.08372pt.
File: ../minor_report/main.pdf Graphic file (type pdf)
<use ../minor_report/main.pdf, page 5>
Package pdftex.def Info: ../minor_report/main.pdf , page5 used on input line 13
8.
(pdftex.def)             Requested size: 597.53416pt x 845.08372pt.
 [9 <../minor_report/main.pdf>]
<../minor_report/main.pdf, id=163, page=6, 597.50829pt x 845.0471pt>
File: ../minor_report/main.pdf Graphic file (type pdf)
<use ../minor_report/main.pdf, page 6>
Package pdftex.def Info: ../minor_report/main.pdf , page6 used on input line 13
8.
(pdftex.def)             Requested size: 597.53416pt x 845.08372pt.
File: ../minor_report/main.pdf Graphic file (type pdf)
<use ../minor_report/main.pdf, page 6>
Package pdftex.def Info: ../minor_report/main.pdf , page6 used on input line 13
8.
(pdftex.def)             Requested size: 597.53416pt x 845.08372pt.
File: ../minor_report/main.pdf Graphic file (type pdf)
<use ../minor_report/main.pdf, page 6>
Package pdftex.def Info: ../minor_report/main.pdf , page6 used on input line 13
8.
(pdftex.def)             Requested size: 597.53416pt x 845.08372pt.
 [10 <../minor_report/main.pdf>]
<../minor_report/main.pdf, id=183, page=7, 597.50829pt x 845.0471pt>
File: ../minor_report/main.pdf Graphic file (type pdf)
<use ../minor_report/main.pdf, page 7>
Package pdftex.def Info: ../minor_report/main.pdf , page7 used on input line 13
8.
(pdftex.def)             Requested size: 597.53416pt x 845.08372pt.
File: ../minor_report/main.pdf Graphic file (type pdf)
<use ../minor_report/main.pdf, page 7>
Package pdftex.def Info: ../minor_report/main.pdf , page7 used on input line 13
8.
(pdftex.def)             Requested size: 597.53416pt x 845.08372pt.
File: ../minor_report/main.pdf Graphic file (type pdf)
<use ../minor_report/main.pdf, page 7>
Package pdftex.def Info: ../minor_report/main.pdf , page7 used on input line 13
8.
(pdftex.def)             Requested size: 597.53416pt x 845.08372pt.
 [11 <../minor_report/main.pdf>]
<../minor_report/main.pdf, id=260, page=8, 597.50829pt x 845.0471pt>
File: ../minor_report/main.pdf Graphic file (type pdf)
<use ../minor_report/main.pdf, page 8>
Package pdftex.def Info: ../minor_report/main.pdf , page8 used on input line 13
8.
(pdftex.def)             Requested size: 597.53416pt x 845.08372pt.
File: ../minor_report/main.pdf Graphic file (type pdf)
<use ../minor_report/main.pdf, page 8>
Package pdftex.def Info: ../minor_report/main.pdf , page8 used on input line 13
8.
(pdftex.def)             Requested size: 597.53416pt x 845.08372pt.
File: ../minor_report/main.pdf Graphic file (type pdf)
<use ../minor_report/main.pdf, page 8>
Package pdftex.def Info: ../minor_report/main.pdf , page8 used on input line 13
8.
(pdftex.def)             Requested size: 597.53416pt x 845.08372pt.
 [12 <../minor_report/main.pdf>]
<../minor_report/main.pdf, id=265, page=9, 597.50829pt x 845.0471pt>
File: ../minor_report/main.pdf Graphic file (type pdf)
<use ../minor_report/main.pdf, page 9>
Package pdftex.def Info: ../minor_report/main.pdf , page9 used on input line 13
8.
(pdftex.def)             Requested size: 597.53416pt x 845.08372pt.
File: ../minor_report/main.pdf Graphic file (type pdf)
<use ../minor_report/main.pdf, page 9>
Package pdftex.def Info: ../minor_report/main.pdf , page9 used on input line 13
8.
(pdftex.def)             Requested size: 597.53416pt x 845.08372pt.
File: ../minor_report/main.pdf Graphic file (type pdf)
<use ../minor_report/main.pdf, page 9>
Package pdftex.def Info: ../minor_report/main.pdf , page9 used on input line 13
8.
(pdftex.def)             Requested size: 597.53416pt x 845.08372pt.

[13 <../minor_report/main.pdf>]
<../minor_report/main.pdf, id=277, page=10, 597.50829pt x 845.0471pt>
File: ../minor_report/main.pdf Graphic file (type pdf)
<use ../minor_report/main.pdf, page 10>
Package pdftex.def Info: ../minor_report/main.pdf , page10 used on input line 1
38.
(pdftex.def)             Requested size: 597.53416pt x 845.08372pt.
File: ../minor_report/main.pdf Graphic file (type pdf)
<use ../minor_report/main.pdf, page 10>
Package pdftex.def Info: ../minor_report/main.pdf , page10 used on input line 1
38.
(pdftex.def)             Requested size: 597.53416pt x 845.08372pt.
File: ../minor_report/main.pdf Graphic file (type pdf)
<use ../minor_report/main.pdf, page 10>
Package pdftex.def Info: ../minor_report/main.pdf , page10 used on input line 1
38.
(pdftex.def)             Requested size: 597.53416pt x 845.08372pt.
 [14 <../minor_report/main.pdf>]
<../minor_report/main.pdf, id=282, page=11, 597.50829pt x 845.0471pt>
File: ../minor_report/main.pdf Graphic file (type pdf)
<use ../minor_report/main.pdf, page 11>
Package pdftex.def Info: ../minor_report/main.pdf , page11 used on input line 1
38.
(pdftex.def)             Requested size: 597.53416pt x 845.08372pt.
File: ../minor_report/main.pdf Graphic file (type pdf)
<use ../minor_report/main.pdf, page 11>
Package pdftex.def Info: ../minor_report/main.pdf , page11 used on input line 1
38.
(pdftex.def)             Requested size: 597.53416pt x 845.08372pt.
File: ../minor_report/main.pdf Graphic file (type pdf)
<use ../minor_report/main.pdf, page 11>
Package pdftex.def Info: ../minor_report/main.pdf , page11 used on input line 1
38.
(pdftex.def)             Requested size: 597.53416pt x 845.08372pt.
 [15 <../minor_report/main.pdf>]
<../minor_report/main.pdf, id=287, page=12, 597.50829pt x 845.0471pt>
File: ../minor_report/main.pdf Graphic file (type pdf)
<use ../minor_report/main.pdf, page 12>
Package pdftex.def Info: ../minor_report/main.pdf , page12 used on input line 1
38.
(pdftex.def)             Requested size: 597.53416pt x 845.08372pt.
File: ../minor_report/main.pdf Graphic file (type pdf)
<use ../minor_report/main.pdf, page 12>
Package pdftex.def Info: ../minor_report/main.pdf , page12 used on input line 1
38.
(pdftex.def)             Requested size: 597.53416pt x 845.08372pt.
File: ../minor_report/main.pdf Graphic file (type pdf)
<use ../minor_report/main.pdf, page 12>
Package pdftex.def Info: ../minor_report/main.pdf , page12 used on input line 1
38.
(pdftex.def)             Requested size: 597.53416pt x 845.08372pt.
 [16 <../minor_report/main.pdf>]
<../minor_report/main.pdf, id=295, page=13, 597.50829pt x 845.0471pt>
File: ../minor_report/main.pdf Graphic file (type pdf)
<use ../minor_report/main.pdf, page 13>
Package pdftex.def Info: ../minor_report/main.pdf , page13 used on input line 1
38.
(pdftex.def)             Requested size: 597.53416pt x 845.08372pt.
File: ../minor_report/main.pdf Graphic file (type pdf)
<use ../minor_report/main.pdf, page 13>
Package pdftex.def Info: ../minor_report/main.pdf , page13 used on input line 1
38.
(pdftex.def)             Requested size: 597.53416pt x 845.08372pt.
File: ../minor_report/main.pdf Graphic file (type pdf)
<use ../minor_report/main.pdf, page 13>
Package pdftex.def Info: ../minor_report/main.pdf , page13 used on input line 1
38.
(pdftex.def)             Requested size: 597.53416pt x 845.08372pt.
 [17 <../minor_report/main.pdf>]
<../minor_report/main.pdf, id=303, page=14, 597.50829pt x 845.0471pt>
File: ../minor_report/main.pdf Graphic file (type pdf)
<use ../minor_report/main.pdf, page 14>
Package pdftex.def Info: ../minor_report/main.pdf , page14 used on input line 1
38.
(pdftex.def)             Requested size: 597.53416pt x 845.08372pt.
File: ../minor_report/main.pdf Graphic file (type pdf)
<use ../minor_report/main.pdf, page 14>
Package pdftex.def Info: ../minor_report/main.pdf , page14 used on input line 1
38.
(pdftex.def)             Requested size: 597.53416pt x 845.08372pt.
File: ../minor_report/main.pdf Graphic file (type pdf)
<use ../minor_report/main.pdf, page 14>
Package pdftex.def Info: ../minor_report/main.pdf , page14 used on input line 1
38.
(pdftex.def)             Requested size: 597.53416pt x 845.08372pt.
 [18 <../minor_report/main.pdf>]
<../minor_report/main.pdf, id=308, page=15, 597.50829pt x 845.0471pt>
File: ../minor_report/main.pdf Graphic file (type pdf)
<use ../minor_report/main.pdf, page 15>
Package pdftex.def Info: ../minor_report/main.pdf , page15 used on input line 1
38.
(pdftex.def)             Requested size: 597.53416pt x 845.08372pt.
File: ../minor_report/main.pdf Graphic file (type pdf)
<use ../minor_report/main.pdf, page 15>
Package pdftex.def Info: ../minor_report/main.pdf , page15 used on input line 1
38.
(pdftex.def)             Requested size: 597.53416pt x 845.08372pt.
File: ../minor_report/main.pdf Graphic file (type pdf)
<use ../minor_report/main.pdf, page 15>
Package pdftex.def Info: ../minor_report/main.pdf , page15 used on input line 1
38.
(pdftex.def)             Requested size: 597.53416pt x 845.08372pt.
 [19 <../minor_report/main.pdf>]
<../minor_report/main.pdf, id=314, page=16, 597.50829pt x 845.0471pt>
File: ../minor_report/main.pdf Graphic file (type pdf)
<use ../minor_report/main.pdf, page 16>
Package pdftex.def Info: ../minor_report/main.pdf , page16 used on input line 1
38.
(pdftex.def)             Requested size: 597.53416pt x 845.08372pt.
File: ../minor_report/main.pdf Graphic file (type pdf)
<use ../minor_report/main.pdf, page 16>
Package pdftex.def Info: ../minor_report/main.pdf , page16 used on input line 1
38.
(pdftex.def)             Requested size: 597.53416pt x 845.08372pt.
File: ../minor_report/main.pdf Graphic file (type pdf)
<use ../minor_report/main.pdf, page 16>
Package pdftex.def Info: ../minor_report/main.pdf , page16 used on input line 1
38.
(pdftex.def)             Requested size: 597.53416pt x 845.08372pt.
 [20 <../minor_report/main.pdf>]
<../minor_report/main.pdf, id=325, page=17, 597.50829pt x 845.0471pt>
File: ../minor_report/main.pdf Graphic file (type pdf)
<use ../minor_report/main.pdf, page 17>
Package pdftex.def Info: ../minor_report/main.pdf , page17 used on input line 1
38.
(pdftex.def)             Requested size: 597.53416pt x 845.08372pt.
File: ../minor_report/main.pdf Graphic file (type pdf)
<use ../minor_report/main.pdf, page 17>
Package pdftex.def Info: ../minor_report/main.pdf , page17 used on input line 1
38.
(pdftex.def)             Requested size: 597.53416pt x 845.08372pt.
File: ../minor_report/main.pdf Graphic file (type pdf)
<use ../minor_report/main.pdf, page 17>
Package pdftex.def Info: ../minor_report/main.pdf , page17 used on input line 1
38.
(pdftex.def)             Requested size: 597.53416pt x 845.08372pt.
 [21 <../minor_report/main.pdf>]
<../minor_report/main.pdf, id=330, page=18, 597.50829pt x 845.0471pt>
File: ../minor_report/main.pdf Graphic file (type pdf)
<use ../minor_report/main.pdf, page 18>
Package pdftex.def Info: ../minor_report/main.pdf , page18 used on input line 1
38.
(pdftex.def)             Requested size: 597.53416pt x 845.08372pt.
File: ../minor_report/main.pdf Graphic file (type pdf)
<use ../minor_report/main.pdf, page 18>
Package pdftex.def Info: ../minor_report/main.pdf , page18 used on input line 1
38.
(pdftex.def)             Requested size: 597.53416pt x 845.08372pt.
File: ../minor_report/main.pdf Graphic file (type pdf)
<use ../minor_report/main.pdf, page 18>
Package pdftex.def Info: ../minor_report/main.pdf , page18 used on input line 1
38.
(pdftex.def)             Requested size: 597.53416pt x 845.08372pt.
 [22 <../minor_report/main.pdf>]
<../minor_report/main.pdf, id=335, page=19, 597.50829pt x 845.0471pt>
File: ../minor_report/main.pdf Graphic file (type pdf)
<use ../minor_report/main.pdf, page 19>
Package pdftex.def Info: ../minor_report/main.pdf , page19 used on input line 1
38.
(pdftex.def)             Requested size: 597.53416pt x 845.08372pt.
File: ../minor_report/main.pdf Graphic file (type pdf)
<use ../minor_report/main.pdf, page 19>
Package pdftex.def Info: ../minor_report/main.pdf , page19 used on input line 1
38.
(pdftex.def)             Requested size: 597.53416pt x 845.08372pt.
File: ../minor_report/main.pdf Graphic file (type pdf)
<use ../minor_report/main.pdf, page 19>
Package pdftex.def Info: ../minor_report/main.pdf , page19 used on input line 1
38.
(pdftex.def)             Requested size: 597.53416pt x 845.08372pt.
 [23 <../minor_report/main.pdf>]
<../minor_report/main.pdf, id=340, page=20, 597.50829pt x 845.0471pt>
File: ../minor_report/main.pdf Graphic file (type pdf)
<use ../minor_report/main.pdf, page 20>
Package pdftex.def Info: ../minor_report/main.pdf , page20 used on input line 1
38.
(pdftex.def)             Requested size: 597.53416pt x 845.08372pt.
File: ../minor_report/main.pdf Graphic file (type pdf)
<use ../minor_report/main.pdf, page 20>
Package pdftex.def Info: ../minor_report/main.pdf , page20 used on input line 1
38.
(pdftex.def)             Requested size: 597.53416pt x 845.08372pt.
File: ../minor_report/main.pdf Graphic file (type pdf)
<use ../minor_report/main.pdf, page 20>
Package pdftex.def Info: ../minor_report/main.pdf , page20 used on input line 1
38.
(pdftex.def)             Requested size: 597.53416pt x 845.08372pt.
 [24 <../minor_report/main.pdf>]
<../minor_report/main.pdf, id=353, page=21, 597.50829pt x 845.0471pt>
File: ../minor_report/main.pdf Graphic file (type pdf)
<use ../minor_report/main.pdf, page 21>
Package pdftex.def Info: ../minor_report/main.pdf , page21 used on input line 1
38.
(pdftex.def)             Requested size: 597.53416pt x 845.08372pt.
File: ../minor_report/main.pdf Graphic file (type pdf)
<use ../minor_report/main.pdf, page 21>
Package pdftex.def Info: ../minor_report/main.pdf , page21 used on input line 1
38.
(pdftex.def)             Requested size: 597.53416pt x 845.08372pt.
File: ../minor_report/main.pdf Graphic file (type pdf)
<use ../minor_report/main.pdf, page 21>
Package pdftex.def Info: ../minor_report/main.pdf , page21 used on input line 1
38.
(pdftex.def)             Requested size: 597.53416pt x 845.08372pt.
 [25 <../minor_report/main.pdf>]
<../minor_report/main.pdf, id=359, page=22, 597.50829pt x 845.0471pt>
File: ../minor_report/main.pdf Graphic file (type pdf)
<use ../minor_report/main.pdf, page 22>
Package pdftex.def Info: ../minor_report/main.pdf , page22 used on input line 1
38.
(pdftex.def)             Requested size: 597.53416pt x 845.08372pt.
File: ../minor_report/main.pdf Graphic file (type pdf)
<use ../minor_report/main.pdf, page 22>
Package pdftex.def Info: ../minor_report/main.pdf , page22 used on input line 1
38.
(pdftex.def)             Requested size: 597.53416pt x 845.08372pt.
File: ../minor_report/main.pdf Graphic file (type pdf)
<use ../minor_report/main.pdf, page 22>
Package pdftex.def Info: ../minor_report/main.pdf , page22 used on input line 1
38.
(pdftex.def)             Requested size: 597.53416pt x 845.08372pt.
 [26 <../minor_report/main.pdf>]
<../minor_report/main.pdf, id=365, page=23, 597.50829pt x 845.0471pt>
File: ../minor_report/main.pdf Graphic file (type pdf)
<use ../minor_report/main.pdf, page 23>
Package pdftex.def Info: ../minor_report/main.pdf , page23 used on input line 1
38.
(pdftex.def)             Requested size: 597.53416pt x 845.08372pt.
File: ../minor_report/main.pdf Graphic file (type pdf)
<use ../minor_report/main.pdf, page 23>
Package pdftex.def Info: ../minor_report/main.pdf , page23 used on input line 1
38.
(pdftex.def)             Requested size: 597.53416pt x 845.08372pt.
File: ../minor_report/main.pdf Graphic file (type pdf)
<use ../minor_report/main.pdf, page 23>
Package pdftex.def Info: ../minor_report/main.pdf , page23 used on input line 1
38.
(pdftex.def)             Requested size: 597.53416pt x 845.08372pt.
 [27 <../minor_report/main.pdf>]
<../minor_report/main.pdf, id=376, page=24, 597.50829pt x 845.0471pt>
File: ../minor_report/main.pdf Graphic file (type pdf)
<use ../minor_report/main.pdf, page 24>
Package pdftex.def Info: ../minor_report/main.pdf , page24 used on input line 1
38.
(pdftex.def)             Requested size: 597.53416pt x 845.08372pt.
File: ../minor_report/main.pdf Graphic file (type pdf)
<use ../minor_report/main.pdf, page 24>
Package pdftex.def Info: ../minor_report/main.pdf , page24 used on input line 1
38.
(pdftex.def)             Requested size: 597.53416pt x 845.08372pt.
File: ../minor_report/main.pdf Graphic file (type pdf)
<use ../minor_report/main.pdf, page 24>
Package pdftex.def Info: ../minor_report/main.pdf , page24 used on input line 1
38.
(pdftex.def)             Requested size: 597.53416pt x 845.08372pt.
 [28 <../minor_report/main.pdf>]
<../minor_report/main.pdf, id=381, page=25, 597.50829pt x 845.0471pt>
File: ../minor_report/main.pdf Graphic file (type pdf)
<use ../minor_report/main.pdf, page 25>
Package pdftex.def Info: ../minor_report/main.pdf , page25 used on input line 1
38.
(pdftex.def)             Requested size: 597.53416pt x 845.08372pt.
File: ../minor_report/main.pdf Graphic file (type pdf)
<use ../minor_report/main.pdf, page 25>
Package pdftex.def Info: ../minor_report/main.pdf , page25 used on input line 1
38.
(pdftex.def)             Requested size: 597.53416pt x 845.08372pt.
File: ../minor_report/main.pdf Graphic file (type pdf)
<use ../minor_report/main.pdf, page 25>
Package pdftex.def Info: ../minor_report/main.pdf , page25 used on input line 1
38.
(pdftex.def)             Requested size: 597.53416pt x 845.08372pt.
 [29 <../minor_report/main.pdf>]
<../minor_report/main.pdf, id=386, page=26, 597.50829pt x 845.0471pt>
File: ../minor_report/main.pdf Graphic file (type pdf)
<use ../minor_report/main.pdf, page 26>
Package pdftex.def Info: ../minor_report/main.pdf , page26 used on input line 1
38.
(pdftex.def)             Requested size: 597.53416pt x 845.08372pt.
File: ../minor_report/main.pdf Graphic file (type pdf)
<use ../minor_report/main.pdf, page 26>
Package pdftex.def Info: ../minor_report/main.pdf , page26 used on input line 1
38.
(pdftex.def)             Requested size: 597.53416pt x 845.08372pt.
File: ../minor_report/main.pdf Graphic file (type pdf)
<use ../minor_report/main.pdf, page 26>
Package pdftex.def Info: ../minor_report/main.pdf , page26 used on input line 1
38.
(pdftex.def)             Requested size: 597.53416pt x 845.08372pt.
 [30 <../minor_report/main.pdf>]
<../minor_report/main.pdf, id=391, page=27, 597.50829pt x 845.0471pt>
File: ../minor_report/main.pdf Graphic file (type pdf)
<use ../minor_report/main.pdf, page 27>
Package pdftex.def Info: ../minor_report/main.pdf , page27 used on input line 1
38.
(pdftex.def)             Requested size: 597.53416pt x 845.08372pt.
File: ../minor_report/main.pdf Graphic file (type pdf)
<use ../minor_report/main.pdf, page 27>
Package pdftex.def Info: ../minor_report/main.pdf , page27 used on input line 1
38.
(pdftex.def)             Requested size: 597.53416pt x 845.08372pt.
File: ../minor_report/main.pdf Graphic file (type pdf)
<use ../minor_report/main.pdf, page 27>
Package pdftex.def Info: ../minor_report/main.pdf , page27 used on input line 1
38.
(pdftex.def)             Requested size: 597.53416pt x 845.08372pt.
 [31 <../minor_report/main.pdf>]
<../minor_report/main.pdf, id=397, page=28, 597.50829pt x 845.0471pt>
File: ../minor_report/main.pdf Graphic file (type pdf)
<use ../minor_report/main.pdf, page 28>
Package pdftex.def Info: ../minor_report/main.pdf , page28 used on input line 1
38.
(pdftex.def)             Requested size: 597.53416pt x 845.08372pt.
File: ../minor_report/main.pdf Graphic file (type pdf)
<use ../minor_report/main.pdf, page 28>
Package pdftex.def Info: ../minor_report/main.pdf , page28 used on input line 1
38.
(pdftex.def)             Requested size: 597.53416pt x 845.08372pt.
File: ../minor_report/main.pdf Graphic file (type pdf)
<use ../minor_report/main.pdf, page 28>
Package pdftex.def Info: ../minor_report/main.pdf , page28 used on input line 1
38.
(pdftex.def)             Requested size: 597.53416pt x 845.08372pt.
 [32 <../minor_report/main.pdf>]
<../minor_report/main.pdf, id=402, page=29, 597.50829pt x 845.0471pt>
File: ../minor_report/main.pdf Graphic file (type pdf)
<use ../minor_report/main.pdf, page 29>
Package pdftex.def Info: ../minor_report/main.pdf , page29 used on input line 1
38.
(pdftex.def)             Requested size: 597.53416pt x 845.08372pt.
File: ../minor_report/main.pdf Graphic file (type pdf)
<use ../minor_report/main.pdf, page 29>
Package pdftex.def Info: ../minor_report/main.pdf , page29 used on input line 1
38.
(pdftex.def)             Requested size: 597.53416pt x 845.08372pt.
File: ../minor_report/main.pdf Graphic file (type pdf)
<use ../minor_report/main.pdf, page 29>
Package pdftex.def Info: ../minor_report/main.pdf , page29 used on input line 1
38.
(pdftex.def)             Requested size: 597.53416pt x 845.08372pt.
 [33 <../minor_report/main.pdf>]
<../minor_report/main.pdf, id=407, page=30, 597.50829pt x 845.0471pt>
File: ../minor_report/main.pdf Graphic file (type pdf)
<use ../minor_report/main.pdf, page 30>
Package pdftex.def Info: ../minor_report/main.pdf , page30 used on input line 1
38.
(pdftex.def)             Requested size: 597.53416pt x 845.08372pt.
File: ../minor_report/main.pdf Graphic file (type pdf)
<use ../minor_report/main.pdf, page 30>
Package pdftex.def Info: ../minor_report/main.pdf , page30 used on input line 1
38.
(pdftex.def)             Requested size: 597.53416pt x 845.08372pt.
File: ../minor_report/main.pdf Graphic file (type pdf)
<use ../minor_report/main.pdf, page 30>
Package pdftex.def Info: ../minor_report/main.pdf , page30 used on input line 1
38.
(pdftex.def)             Requested size: 597.53416pt x 845.08372pt.
 [34 <../minor_report/main.pdf>]
<../minor_report/main.pdf, id=416, page=31, 597.50829pt x 845.0471pt>
File: ../minor_report/main.pdf Graphic file (type pdf)
<use ../minor_report/main.pdf, page 31>
Package pdftex.def Info: ../minor_report/main.pdf , page31 used on input line 1
38.
(pdftex.def)             Requested size: 597.53416pt x 845.08372pt.
File: ../minor_report/main.pdf Graphic file (type pdf)
<use ../minor_report/main.pdf, page 31>
Package pdftex.def Info: ../minor_report/main.pdf , page31 used on input line 1
38.
(pdftex.def)             Requested size: 597.53416pt x 845.08372pt.
File: ../minor_report/main.pdf Graphic file (type pdf)
<use ../minor_report/main.pdf, page 31>
Package pdftex.def Info: ../minor_report/main.pdf , page31 used on input line 1
38.
(pdftex.def)             Requested size: 597.53416pt x 845.08372pt.

[35 <../minor_report/main.pdf>]
<../minor_report/main.pdf, id=421, page=32, 597.50829pt x 845.0471pt>
File: ../minor_report/main.pdf Graphic file (type pdf)
<use ../minor_report/main.pdf, page 32>
Package pdftex.def Info: ../minor_report/main.pdf , page32 used on input line 1
38.
(pdftex.def)             Requested size: 597.53416pt x 845.08372pt.
File: ../minor_report/main.pdf Graphic file (type pdf)
<use ../minor_report/main.pdf, page 32>
Package pdftex.def Info: ../minor_report/main.pdf , page32 used on input line 1
38.
(pdftex.def)             Requested size: 597.53416pt x 845.08372pt.
File: ../minor_report/main.pdf Graphic file (type pdf)
<use ../minor_report/main.pdf, page 32>
Package pdftex.def Info: ../minor_report/main.pdf , page32 used on input line 1
38.
(pdftex.def)             Requested size: 597.53416pt x 845.08372pt.
 [36 <../minor_report/main.pdf>]
<../minor_report/main.pdf, id=426, page=33, 597.50829pt x 845.0471pt>
File: ../minor_report/main.pdf Graphic file (type pdf)
<use ../minor_report/main.pdf, page 33>
Package pdftex.def Info: ../minor_report/main.pdf , page33 used on input line 1
38.
(pdftex.def)             Requested size: 597.53416pt x 845.08372pt.
File: ../minor_report/main.pdf Graphic file (type pdf)
<use ../minor_report/main.pdf, page 33>
Package pdftex.def Info: ../minor_report/main.pdf , page33 used on input line 1
38.
(pdftex.def)             Requested size: 597.53416pt x 845.08372pt.
File: ../minor_report/main.pdf Graphic file (type pdf)
<use ../minor_report/main.pdf, page 33>
Package pdftex.def Info: ../minor_report/main.pdf , page33 used on input line 1
38.
(pdftex.def)             Requested size: 597.53416pt x 845.08372pt.
 [37 <../minor_report/main.pdf>]
<../minor_report/main.pdf, id=432, page=34, 597.50829pt x 845.0471pt>
File: ../minor_report/main.pdf Graphic file (type pdf)
<use ../minor_report/main.pdf, page 34>
Package pdftex.def Info: ../minor_report/main.pdf , page34 used on input line 1
38.
(pdftex.def)             Requested size: 597.53416pt x 845.08372pt.
File: ../minor_report/main.pdf Graphic file (type pdf)
<use ../minor_report/main.pdf, page 34>
Package pdftex.def Info: ../minor_report/main.pdf , page34 used on input line 1
38.
(pdftex.def)             Requested size: 597.53416pt x 845.08372pt.
File: ../minor_report/main.pdf Graphic file (type pdf)
<use ../minor_report/main.pdf, page 34>
Package pdftex.def Info: ../minor_report/main.pdf , page34 used on input line 1
38.
(pdftex.def)             Requested size: 597.53416pt x 845.08372pt.
 [38 <../minor_report/main.pdf>]
<../minor_report/main.pdf, id=440, page=35, 597.50829pt x 845.0471pt>
File: ../minor_report/main.pdf Graphic file (type pdf)
<use ../minor_report/main.pdf, page 35>
Package pdftex.def Info: ../minor_report/main.pdf , page35 used on input line 1
38.
(pdftex.def)             Requested size: 597.53416pt x 845.08372pt.
File: ../minor_report/main.pdf Graphic file (type pdf)
<use ../minor_report/main.pdf, page 35>
Package pdftex.def Info: ../minor_report/main.pdf , page35 used on input line 1
38.
(pdftex.def)             Requested size: 597.53416pt x 845.08372pt.
File: ../minor_report/main.pdf Graphic file (type pdf)
<use ../minor_report/main.pdf, page 35>
Package pdftex.def Info: ../minor_report/main.pdf , page35 used on input line 1
38.
(pdftex.def)             Requested size: 597.53416pt x 845.08372pt.
 [39 <../minor_report/main.pdf>]
<../minor_report/main.pdf, id=445, page=36, 597.50829pt x 845.0471pt>
File: ../minor_report/main.pdf Graphic file (type pdf)
<use ../minor_report/main.pdf, page 36>
Package pdftex.def Info: ../minor_report/main.pdf , page36 used on input line 1
38.
(pdftex.def)             Requested size: 597.53416pt x 845.08372pt.
File: ../minor_report/main.pdf Graphic file (type pdf)
<use ../minor_report/main.pdf, page 36>
Package pdftex.def Info: ../minor_report/main.pdf , page36 used on input line 1
38.
(pdftex.def)             Requested size: 597.53416pt x 845.08372pt.
File: ../minor_report/main.pdf Graphic file (type pdf)
<use ../minor_report/main.pdf, page 36>
Package pdftex.def Info: ../minor_report/main.pdf , page36 used on input line 1
38.
(pdftex.def)             Requested size: 597.53416pt x 845.08372pt.
 [40 <../minor_report/main.pdf>]
<../minor_report/main.pdf, id=450, page=37, 597.50829pt x 845.0471pt>
File: ../minor_report/main.pdf Graphic file (type pdf)
<use ../minor_report/main.pdf, page 37>
Package pdftex.def Info: ../minor_report/main.pdf , page37 used on input line 1
38.
(pdftex.def)             Requested size: 597.53416pt x 845.08372pt.
File: ../minor_report/main.pdf Graphic file (type pdf)
<use ../minor_report/main.pdf, page 37>
Package pdftex.def Info: ../minor_report/main.pdf , page37 used on input line 1
38.
(pdftex.def)             Requested size: 597.53416pt x 845.08372pt.
File: ../minor_report/main.pdf Graphic file (type pdf)
<use ../minor_report/main.pdf, page 37>
Package pdftex.def Info: ../minor_report/main.pdf , page37 used on input line 1
38.
(pdftex.def)             Requested size: 597.53416pt x 845.08372pt.
 [41 <../minor_report/main.pdf>]
<../minor_report/main.pdf, id=458, page=38, 597.50829pt x 845.0471pt>
File: ../minor_report/main.pdf Graphic file (type pdf)
<use ../minor_report/main.pdf, page 38>
Package pdftex.def Info: ../minor_report/main.pdf , page38 used on input line 1
38.
(pdftex.def)             Requested size: 597.53416pt x 845.08372pt.
File: ../minor_report/main.pdf Graphic file (type pdf)
<use ../minor_report/main.pdf, page 38>
Package pdftex.def Info: ../minor_report/main.pdf , page38 used on input line 1
38.
(pdftex.def)             Requested size: 597.53416pt x 845.08372pt.
File: ../minor_report/main.pdf Graphic file (type pdf)
<use ../minor_report/main.pdf, page 38>
Package pdftex.def Info: ../minor_report/main.pdf , page38 used on input line 1
38.
(pdftex.def)             Requested size: 597.53416pt x 845.08372pt.
 [42 <../minor_report/main.pdf>]
<../minor_report/main.pdf, id=463, page=39, 597.50829pt x 845.0471pt>
File: ../minor_report/main.pdf Graphic file (type pdf)
<use ../minor_report/main.pdf, page 39>
Package pdftex.def Info: ../minor_report/main.pdf , page39 used on input line 1
38.
(pdftex.def)             Requested size: 597.53416pt x 845.08372pt.
File: ../minor_report/main.pdf Graphic file (type pdf)
<use ../minor_report/main.pdf, page 39>
Package pdftex.def Info: ../minor_report/main.pdf , page39 used on input line 1
38.
(pdftex.def)             Requested size: 597.53416pt x 845.08372pt.
File: ../minor_report/main.pdf Graphic file (type pdf)
<use ../minor_report/main.pdf, page 39>
Package pdftex.def Info: ../minor_report/main.pdf , page39 used on input line 1
38.
(pdftex.def)             Requested size: 597.53416pt x 845.08372pt.
 [43 <../minor_report/main.pdf>]
<../minor_report/main.pdf, id=469, page=40, 597.50829pt x 845.0471pt>
File: ../minor_report/main.pdf Graphic file (type pdf)
<use ../minor_report/main.pdf, page 40>
Package pdftex.def Info: ../minor_report/main.pdf , page40 used on input line 1
38.
(pdftex.def)             Requested size: 597.53416pt x 845.08372pt.
File: ../minor_report/main.pdf Graphic file (type pdf)
<use ../minor_report/main.pdf, page 40>
Package pdftex.def Info: ../minor_report/main.pdf , page40 used on input line 1
38.
(pdftex.def)             Requested size: 597.53416pt x 845.08372pt.
File: ../minor_report/main.pdf Graphic file (type pdf)
<use ../minor_report/main.pdf, page 40>
Package pdftex.def Info: ../minor_report/main.pdf , page40 used on input line 1
38.
(pdftex.def)             Requested size: 597.53416pt x 845.08372pt.
 [44 <../minor_report/main.pdf>]
<../minor_report/main.pdf, id=477, page=41, 597.50829pt x 845.0471pt>
File: ../minor_report/main.pdf Graphic file (type pdf)
<use ../minor_report/main.pdf, page 41>
Package pdftex.def Info: ../minor_report/main.pdf , page41 used on input line 1
38.
(pdftex.def)             Requested size: 597.53416pt x 845.08372pt.
File: ../minor_report/main.pdf Graphic file (type pdf)
<use ../minor_report/main.pdf, page 41>
Package pdftex.def Info: ../minor_report/main.pdf , page41 used on input line 1
38.
(pdftex.def)             Requested size: 597.53416pt x 845.08372pt.
File: ../minor_report/main.pdf Graphic file (type pdf)
<use ../minor_report/main.pdf, page 41>
Package pdftex.def Info: ../minor_report/main.pdf , page41 used on input line 1
38.
(pdftex.def)             Requested size: 597.53416pt x 845.08372pt.
 [45 <../minor_report/main.pdf>]
<../minor_report/main.pdf, id=483, page=42, 597.50829pt x 845.0471pt>
File: ../minor_report/main.pdf Graphic file (type pdf)
<use ../minor_report/main.pdf, page 42>
Package pdftex.def Info: ../minor_report/main.pdf , page42 used on input line 1
38.
(pdftex.def)             Requested size: 597.53416pt x 845.08372pt.
File: ../minor_report/main.pdf Graphic file (type pdf)
<use ../minor_report/main.pdf, page 42>
Package pdftex.def Info: ../minor_report/main.pdf , page42 used on input line 1
38.
(pdftex.def)             Requested size: 597.53416pt x 845.08372pt.
File: ../minor_report/main.pdf Graphic file (type pdf)
<use ../minor_report/main.pdf, page 42>
Package pdftex.def Info: ../minor_report/main.pdf , page42 used on input line 1
38.
(pdftex.def)             Requested size: 597.53416pt x 845.08372pt.
 [46 <../minor_report/main.pdf>]
<../minor_report/main.pdf, id=491, page=43, 597.50829pt x 845.0471pt>
File: ../minor_report/main.pdf Graphic file (type pdf)
<use ../minor_report/main.pdf, page 43>
Package pdftex.def Info: ../minor_report/main.pdf , page43 used on input line 1
38.
(pdftex.def)             Requested size: 597.53416pt x 845.08372pt.
File: ../minor_report/main.pdf Graphic file (type pdf)
<use ../minor_report/main.pdf, page 43>
Package pdftex.def Info: ../minor_report/main.pdf , page43 used on input line 1
38.
(pdftex.def)             Requested size: 597.53416pt x 845.08372pt.
File: ../minor_report/main.pdf Graphic file (type pdf)
<use ../minor_report/main.pdf, page 43>
Package pdftex.def Info: ../minor_report/main.pdf , page43 used on input line 1
38.
(pdftex.def)             Requested size: 597.53416pt x 845.08372pt.
 [47 <../minor_report/main.pdf>]
<../minor_report/main.pdf, id=496, page=44, 597.50829pt x 845.0471pt>
File: ../minor_report/main.pdf Graphic file (type pdf)
<use ../minor_report/main.pdf, page 44>
Package pdftex.def Info: ../minor_report/main.pdf , page44 used on input line 1
38.
(pdftex.def)             Requested size: 597.53416pt x 845.08372pt.
File: ../minor_report/main.pdf Graphic file (type pdf)
<use ../minor_report/main.pdf, page 44>
Package pdftex.def Info: ../minor_report/main.pdf , page44 used on input line 1
38.
(pdftex.def)             Requested size: 597.53416pt x 845.08372pt.
File: ../minor_report/main.pdf Graphic file (type pdf)
<use ../minor_report/main.pdf, page 44>
Package pdftex.def Info: ../minor_report/main.pdf , page44 used on input line 1
38.
(pdftex.def)             Requested size: 597.53416pt x 845.08372pt.
 [48 <../minor_report/main.pdf>]
<../minor_report/main.pdf, id=504, page=45, 597.50829pt x 845.0471pt>
File: ../minor_report/main.pdf Graphic file (type pdf)
<use ../minor_report/main.pdf, page 45>
Package pdftex.def Info: ../minor_report/main.pdf , page45 used on input line 1
38.
(pdftex.def)             Requested size: 597.53416pt x 845.08372pt.
File: ../minor_report/main.pdf Graphic file (type pdf)
<use ../minor_report/main.pdf, page 45>
Package pdftex.def Info: ../minor_report/main.pdf , page45 used on input line 1
38.
(pdftex.def)             Requested size: 597.53416pt x 845.08372pt.
File: ../minor_report/main.pdf Graphic file (type pdf)
<use ../minor_report/main.pdf, page 45>
Package pdftex.def Info: ../minor_report/main.pdf , page45 used on input line 1
38.
(pdftex.def)             Requested size: 597.53416pt x 845.08372pt.
 [49 <../minor_report/main.pdf>]
<../minor_report/main.pdf, id=516, page=46, 597.50829pt x 845.0471pt>
File: ../minor_report/main.pdf Graphic file (type pdf)
<use ../minor_report/main.pdf, page 46>
Package pdftex.def Info: ../minor_report/main.pdf , page46 used on input line 1
38.
(pdftex.def)             Requested size: 597.53416pt x 845.08372pt.
File: ../minor_report/main.pdf Graphic file (type pdf)
<use ../minor_report/main.pdf, page 46>
Package pdftex.def Info: ../minor_report/main.pdf , page46 used on input line 1
38.
(pdftex.def)             Requested size: 597.53416pt x 845.08372pt.
File: ../minor_report/main.pdf Graphic file (type pdf)
<use ../minor_report/main.pdf, page 46>
Package pdftex.def Info: ../minor_report/main.pdf , page46 used on input line 1
38.
(pdftex.def)             Requested size: 597.53416pt x 845.08372pt.
 [50 <../minor_report/main.pdf>]
<../minor_report/main.pdf, id=521, page=47, 597.50829pt x 845.0471pt>
File: ../minor_report/main.pdf Graphic file (type pdf)
<use ../minor_report/main.pdf, page 47>
Package pdftex.def Info: ../minor_report/main.pdf , page47 used on input line 1
38.
(pdftex.def)             Requested size: 597.53416pt x 845.08372pt.
File: ../minor_report/main.pdf Graphic file (type pdf)
<use ../minor_report/main.pdf, page 47>
Package pdftex.def Info: ../minor_report/main.pdf , page47 used on input line 1
38.
(pdftex.def)             Requested size: 597.53416pt x 845.08372pt.
File: ../minor_report/main.pdf Graphic file (type pdf)
<use ../minor_report/main.pdf, page 47>
Package pdftex.def Info: ../minor_report/main.pdf , page47 used on input line 1
38.
(pdftex.def)             Requested size: 597.53416pt x 845.08372pt.
 [51 <../minor_report/main.pdf>]
<../minor_report/main.pdf, id=526, page=48, 597.50829pt x 845.0471pt>
File: ../minor_report/main.pdf Graphic file (type pdf)
<use ../minor_report/main.pdf, page 48>
Package pdftex.def Info: ../minor_report/main.pdf , page48 used on input line 1
38.
(pdftex.def)             Requested size: 597.53416pt x 845.08372pt.
File: ../minor_report/main.pdf Graphic file (type pdf)
<use ../minor_report/main.pdf, page 48>
Package pdftex.def Info: ../minor_report/main.pdf , page48 used on input line 1
38.
(pdftex.def)             Requested size: 597.53416pt x 845.08372pt.
File: ../minor_report/main.pdf Graphic file (type pdf)
<use ../minor_report/main.pdf, page 48>
Package pdftex.def Info: ../minor_report/main.pdf , page48 used on input line 1
38.
(pdftex.def)             Requested size: 597.53416pt x 845.08372pt.
 [52 <../minor_report/main.pdf>]
<../minor_report/main.pdf, id=535, page=49, 597.50829pt x 845.0471pt>
File: ../minor_report/main.pdf Graphic file (type pdf)
<use ../minor_report/main.pdf, page 49>
Package pdftex.def Info: ../minor_report/main.pdf , page49 used on input line 1
38.
(pdftex.def)             Requested size: 597.53416pt x 845.08372pt.
File: ../minor_report/main.pdf Graphic file (type pdf)
<use ../minor_report/main.pdf, page 49>
Package pdftex.def Info: ../minor_report/main.pdf , page49 used on input line 1
38.
(pdftex.def)             Requested size: 597.53416pt x 845.08372pt.
File: ../minor_report/main.pdf Graphic file (type pdf)
<use ../minor_report/main.pdf, page 49>
Package pdftex.def Info: ../minor_report/main.pdf , page49 used on input line 1
38.
(pdftex.def)             Requested size: 597.53416pt x 845.08372pt.
 [53 <../minor_report/main.pdf>]
<../minor_report/main.pdf, id=543, page=50, 597.50829pt x 845.0471pt>
File: ../minor_report/main.pdf Graphic file (type pdf)
<use ../minor_report/main.pdf, page 50>
Package pdftex.def Info: ../minor_report/main.pdf , page50 used on input line 1
38.
(pdftex.def)             Requested size: 597.53416pt x 845.08372pt.
File: ../minor_report/main.pdf Graphic file (type pdf)
<use ../minor_report/main.pdf, page 50>
Package pdftex.def Info: ../minor_report/main.pdf , page50 used on input line 1
38.
(pdftex.def)             Requested size: 597.53416pt x 845.08372pt.
File: ../minor_report/main.pdf Graphic file (type pdf)
<use ../minor_report/main.pdf, page 50>
Package pdftex.def Info: ../minor_report/main.pdf , page50 used on input line 1
38.
(pdftex.def)             Requested size: 597.53416pt x 845.08372pt.
 [54 <../minor_report/main.pdf>]
<../minor_report/main.pdf, id=554, page=51, 597.50829pt x 845.0471pt>
File: ../minor_report/main.pdf Graphic file (type pdf)
<use ../minor_report/main.pdf, page 51>
Package pdftex.def Info: ../minor_report/main.pdf , page51 used on input line 1
38.
(pdftex.def)             Requested size: 597.53416pt x 845.08372pt.
File: ../minor_report/main.pdf Graphic file (type pdf)
<use ../minor_report/main.pdf, page 51>
Package pdftex.def Info: ../minor_report/main.pdf , page51 used on input line 1
38.
(pdftex.def)             Requested size: 597.53416pt x 845.08372pt.
File: ../minor_report/main.pdf Graphic file (type pdf)
<use ../minor_report/main.pdf, page 51>
Package pdftex.def Info: ../minor_report/main.pdf , page51 used on input line 1
38.
(pdftex.def)             Requested size: 597.53416pt x 845.08372pt.
 [55 <../minor_report/main.pdf>]
<../minor_report/main.pdf, id=560, page=52, 597.50829pt x 845.0471pt>
File: ../minor_report/main.pdf Graphic file (type pdf)
<use ../minor_report/main.pdf, page 52>
Package pdftex.def Info: ../minor_report/main.pdf , page52 used on input line 1
38.
(pdftex.def)             Requested size: 597.53416pt x 845.08372pt.
File: ../minor_report/main.pdf Graphic file (type pdf)
<use ../minor_report/main.pdf, page 52>
Package pdftex.def Info: ../minor_report/main.pdf , page52 used on input line 1
38.
(pdftex.def)             Requested size: 597.53416pt x 845.08372pt.
File: ../minor_report/main.pdf Graphic file (type pdf)
<use ../minor_report/main.pdf, page 52>
Package pdftex.def Info: ../minor_report/main.pdf , page52 used on input line 1
38.
(pdftex.def)             Requested size: 597.53416pt x 845.08372pt.
 [56 <../minor_report/main.pdf>]
<../minor_report/main.pdf, id=565, page=53, 597.50829pt x 845.0471pt>
File: ../minor_report/main.pdf Graphic file (type pdf)
<use ../minor_report/main.pdf, page 53>
Package pdftex.def Info: ../minor_report/main.pdf , page53 used on input line 1
38.
(pdftex.def)             Requested size: 597.53416pt x 845.08372pt.
File: ../minor_report/main.pdf Graphic file (type pdf)
<use ../minor_report/main.pdf, page 53>
Package pdftex.def Info: ../minor_report/main.pdf , page53 used on input line 1
38.
(pdftex.def)             Requested size: 597.53416pt x 845.08372pt.
File: ../minor_report/main.pdf Graphic file (type pdf)
<use ../minor_report/main.pdf, page 53>
Package pdftex.def Info: ../minor_report/main.pdf , page53 used on input line 1
38.
(pdftex.def)             Requested size: 597.53416pt x 845.08372pt.

[57 <../minor_report/main.pdf>]
<../minor_report/main.pdf, id=570, page=54, 597.50829pt x 845.0471pt>
File: ../minor_report/main.pdf Graphic file (type pdf)
<use ../minor_report/main.pdf, page 54>
Package pdftex.def Info: ../minor_report/main.pdf , page54 used on input line 1
38.
(pdftex.def)             Requested size: 597.53416pt x 845.08372pt.
File: ../minor_report/main.pdf Graphic file (type pdf)
<use ../minor_report/main.pdf, page 54>
Package pdftex.def Info: ../minor_report/main.pdf , page54 used on input line 1
38.
(pdftex.def)             Requested size: 597.53416pt x 845.08372pt.
File: ../minor_report/main.pdf Graphic file (type pdf)
<use ../minor_report/main.pdf, page 54>
Package pdftex.def Info: ../minor_report/main.pdf , page54 used on input line 1
38.
(pdftex.def)             Requested size: 597.53416pt x 845.08372pt.
 [58 <../minor_report/main.pdf>]
<../minor_report/main.pdf, id=578, page=55, 597.50829pt x 845.0471pt>
File: ../minor_report/main.pdf Graphic file (type pdf)
<use ../minor_report/main.pdf, page 55>
Package pdftex.def Info: ../minor_report/main.pdf , page55 used on input line 1
38.
(pdftex.def)             Requested size: 597.53416pt x 845.08372pt.
File: ../minor_report/main.pdf Graphic file (type pdf)
<use ../minor_report/main.pdf, page 55>
Package pdftex.def Info: ../minor_report/main.pdf , page55 used on input line 1
38.
(pdftex.def)             Requested size: 597.53416pt x 845.08372pt.
File: ../minor_report/main.pdf Graphic file (type pdf)
<use ../minor_report/main.pdf, page 55>
Package pdftex.def Info: ../minor_report/main.pdf , page55 used on input line 1
38.
(pdftex.def)             Requested size: 597.53416pt x 845.08372pt.
 [59 <../minor_report/main.pdf>]
<../minor_report/main.pdf, id=586, page=56, 597.50829pt x 845.0471pt>
File: ../minor_report/main.pdf Graphic file (type pdf)
<use ../minor_report/main.pdf, page 56>
Package pdftex.def Info: ../minor_report/main.pdf , page56 used on input line 1
38.
(pdftex.def)             Requested size: 597.53416pt x 845.08372pt.
File: ../minor_report/main.pdf Graphic file (type pdf)
<use ../minor_report/main.pdf, page 56>
Package pdftex.def Info: ../minor_report/main.pdf , page56 used on input line 1
38.
(pdftex.def)             Requested size: 597.53416pt x 845.08372pt.
File: ../minor_report/main.pdf Graphic file (type pdf)
<use ../minor_report/main.pdf, page 56>
Package pdftex.def Info: ../minor_report/main.pdf , page56 used on input line 1
38.
(pdftex.def)             Requested size: 597.53416pt x 845.08372pt.
 [60 <../minor_report/main.pdf>]
<../minor_report/main.pdf, id=595, page=57, 597.50829pt x 845.0471pt>
File: ../minor_report/main.pdf Graphic file (type pdf)
<use ../minor_report/main.pdf, page 57>
Package pdftex.def Info: ../minor_report/main.pdf , page57 used on input line 1
38.
(pdftex.def)             Requested size: 597.53416pt x 845.08372pt.
File: ../minor_report/main.pdf Graphic file (type pdf)
<use ../minor_report/main.pdf, page 57>
Package pdftex.def Info: ../minor_report/main.pdf , page57 used on input line 1
38.
(pdftex.def)             Requested size: 597.53416pt x 845.08372pt.
File: ../minor_report/main.pdf Graphic file (type pdf)
<use ../minor_report/main.pdf, page 57>
Package pdftex.def Info: ../minor_report/main.pdf , page57 used on input line 1
38.
(pdftex.def)             Requested size: 597.53416pt x 845.08372pt.
 [61 <../minor_report/main.pdf>]
<../minor_report/main.pdf, id=601, page=58, 597.50829pt x 845.0471pt>
File: ../minor_report/main.pdf Graphic file (type pdf)
<use ../minor_report/main.pdf, page 58>
Package pdftex.def Info: ../minor_report/main.pdf , page58 used on input line 1
38.
(pdftex.def)             Requested size: 597.53416pt x 845.08372pt.
File: ../minor_report/main.pdf Graphic file (type pdf)
<use ../minor_report/main.pdf, page 58>
Package pdftex.def Info: ../minor_report/main.pdf , page58 used on input line 1
38.
(pdftex.def)             Requested size: 597.53416pt x 845.08372pt.
File: ../minor_report/main.pdf Graphic file (type pdf)
<use ../minor_report/main.pdf, page 58>
Package pdftex.def Info: ../minor_report/main.pdf , page58 used on input line 1
38.
(pdftex.def)             Requested size: 597.53416pt x 845.08372pt.
 [62 <../minor_report/main.pdf>]
<../minor_report/main.pdf, id=612, page=59, 597.50829pt x 845.0471pt>
File: ../minor_report/main.pdf Graphic file (type pdf)
<use ../minor_report/main.pdf, page 59>
Package pdftex.def Info: ../minor_report/main.pdf , page59 used on input line 1
38.
(pdftex.def)             Requested size: 597.53416pt x 845.08372pt.
File: ../minor_report/main.pdf Graphic file (type pdf)
<use ../minor_report/main.pdf, page 59>
Package pdftex.def Info: ../minor_report/main.pdf , page59 used on input line 1
38.
(pdftex.def)             Requested size: 597.53416pt x 845.08372pt.
File: ../minor_report/main.pdf Graphic file (type pdf)
<use ../minor_report/main.pdf, page 59>
Package pdftex.def Info: ../minor_report/main.pdf , page59 used on input line 1
38.
(pdftex.def)             Requested size: 597.53416pt x 845.08372pt.
 [63 <../minor_report/main.pdf>]
<../minor_report/main.pdf, id=623, page=60, 597.50829pt x 845.0471pt>
File: ../minor_report/main.pdf Graphic file (type pdf)
<use ../minor_report/main.pdf, page 60>
Package pdftex.def Info: ../minor_report/main.pdf , page60 used on input line 1
38.
(pdftex.def)             Requested size: 597.53416pt x 845.08372pt.
File: ../minor_report/main.pdf Graphic file (type pdf)
<use ../minor_report/main.pdf, page 60>
Package pdftex.def Info: ../minor_report/main.pdf , page60 used on input line 1
38.
(pdftex.def)             Requested size: 597.53416pt x 845.08372pt.
File: ../minor_report/main.pdf Graphic file (type pdf)
<use ../minor_report/main.pdf, page 60>
Package pdftex.def Info: ../minor_report/main.pdf , page60 used on input line 1
38.
(pdftex.def)             Requested size: 597.53416pt x 845.08372pt.
 [64 <../minor_report/main.pdf>]
<../minor_report/main.pdf, id=634, page=61, 597.50829pt x 845.0471pt>
File: ../minor_report/main.pdf Graphic file (type pdf)
<use ../minor_report/main.pdf, page 61>
Package pdftex.def Info: ../minor_report/main.pdf , page61 used on input line 1
38.
(pdftex.def)             Requested size: 597.53416pt x 845.08372pt.
File: ../minor_report/main.pdf Graphic file (type pdf)
<use ../minor_report/main.pdf, page 61>
Package pdftex.def Info: ../minor_report/main.pdf , page61 used on input line 1
38.
(pdftex.def)             Requested size: 597.53416pt x 845.08372pt.
File: ../minor_report/main.pdf Graphic file (type pdf)
<use ../minor_report/main.pdf, page 61>
Package pdftex.def Info: ../minor_report/main.pdf , page61 used on input line 1
38.
(pdftex.def)             Requested size: 597.53416pt x 845.08372pt.
 [65 <../minor_report/main.pdf>]
<../minor_report/main.pdf, id=639, page=62, 597.50829pt x 845.0471pt>
File: ../minor_report/main.pdf Graphic file (type pdf)
<use ../minor_report/main.pdf, page 62>
Package pdftex.def Info: ../minor_report/main.pdf , page62 used on input line 1
38.
(pdftex.def)             Requested size: 597.53416pt x 845.08372pt.
File: ../minor_report/main.pdf Graphic file (type pdf)
<use ../minor_report/main.pdf, page 62>
Package pdftex.def Info: ../minor_report/main.pdf , page62 used on input line 1
38.
(pdftex.def)             Requested size: 597.53416pt x 845.08372pt.
File: ../minor_report/main.pdf Graphic file (type pdf)
<use ../minor_report/main.pdf, page 62>
Package pdftex.def Info: ../minor_report/main.pdf , page62 used on input line 1
38.
(pdftex.def)             Requested size: 597.53416pt x 845.08372pt.
 [66 <../minor_report/main.pdf>]
<../minor_report/main.pdf, id=644, page=63, 597.50829pt x 845.0471pt>
File: ../minor_report/main.pdf Graphic file (type pdf)
<use ../minor_report/main.pdf, page 63>
Package pdftex.def Info: ../minor_report/main.pdf , page63 used on input line 1
38.
(pdftex.def)             Requested size: 597.53416pt x 845.08372pt.
File: ../minor_report/main.pdf Graphic file (type pdf)
<use ../minor_report/main.pdf, page 63>
Package pdftex.def Info: ../minor_report/main.pdf , page63 used on input line 1
38.
(pdftex.def)             Requested size: 597.53416pt x 845.08372pt.
File: ../minor_report/main.pdf Graphic file (type pdf)
<use ../minor_report/main.pdf, page 63>
Package pdftex.def Info: ../minor_report/main.pdf , page63 used on input line 1
38.
(pdftex.def)             Requested size: 597.53416pt x 845.08372pt.
 [67 <../minor_report/main.pdf>]
<../minor_report/main.pdf, id=650, page=64, 597.50829pt x 845.0471pt>
File: ../minor_report/main.pdf Graphic file (type pdf)
<use ../minor_report/main.pdf, page 64>
Package pdftex.def Info: ../minor_report/main.pdf , page64 used on input line 1
38.
(pdftex.def)             Requested size: 597.53416pt x 845.08372pt.
File: ../minor_report/main.pdf Graphic file (type pdf)
<use ../minor_report/main.pdf, page 64>
Package pdftex.def Info: ../minor_report/main.pdf , page64 used on input line 1
38.
(pdftex.def)             Requested size: 597.53416pt x 845.08372pt.
File: ../minor_report/main.pdf Graphic file (type pdf)
<use ../minor_report/main.pdf, page 64>
Package pdftex.def Info: ../minor_report/main.pdf , page64 used on input line 1
38.
(pdftex.def)             Requested size: 597.53416pt x 845.08372pt.
 [68 <../minor_report/main.pdf>]
<../minor_report/main.pdf, id=655, page=65, 597.50829pt x 845.0471pt>
File: ../minor_report/main.pdf Graphic file (type pdf)
<use ../minor_report/main.pdf, page 65>
Package pdftex.def Info: ../minor_report/main.pdf , page65 used on input line 1
38.
(pdftex.def)             Requested size: 597.53416pt x 845.08372pt.
File: ../minor_report/main.pdf Graphic file (type pdf)
<use ../minor_report/main.pdf, page 65>
Package pdftex.def Info: ../minor_report/main.pdf , page65 used on input line 1
38.
(pdftex.def)             Requested size: 597.53416pt x 845.08372pt.
File: ../minor_report/main.pdf Graphic file (type pdf)
<use ../minor_report/main.pdf, page 65>
Package pdftex.def Info: ../minor_report/main.pdf , page65 used on input line 1
38.
(pdftex.def)             Requested size: 597.53416pt x 845.08372pt.
 [69 <../minor_report/main.pdf>]
<../minor_report/main.pdf, id=660, page=66, 597.50829pt x 845.0471pt>
File: ../minor_report/main.pdf Graphic file (type pdf)
<use ../minor_report/main.pdf, page 66>
Package pdftex.def Info: ../minor_report/main.pdf , page66 used on input line 1
38.
(pdftex.def)             Requested size: 597.53416pt x 845.08372pt.
File: ../minor_report/main.pdf Graphic file (type pdf)
<use ../minor_report/main.pdf, page 66>
Package pdftex.def Info: ../minor_report/main.pdf , page66 used on input line 1
38.
(pdftex.def)             Requested size: 597.53416pt x 845.08372pt.
File: ../minor_report/main.pdf Graphic file (type pdf)
<use ../minor_report/main.pdf, page 66>
Package pdftex.def Info: ../minor_report/main.pdf , page66 used on input line 1
38.
(pdftex.def)             Requested size: 597.53416pt x 845.08372pt.
 [70 <../minor_report/main.pdf>]
<../minor_report/main.pdf, id=665, page=67, 597.50829pt x 845.0471pt>
File: ../minor_report/main.pdf Graphic file (type pdf)
<use ../minor_report/main.pdf, page 67>
Package pdftex.def Info: ../minor_report/main.pdf , page67 used on input line 1
38.
(pdftex.def)             Requested size: 597.53416pt x 845.08372pt.
File: ../minor_report/main.pdf Graphic file (type pdf)
<use ../minor_report/main.pdf, page 67>
Package pdftex.def Info: ../minor_report/main.pdf , page67 used on input line 1
38.
(pdftex.def)             Requested size: 597.53416pt x 845.08372pt.
File: ../minor_report/main.pdf Graphic file (type pdf)
<use ../minor_report/main.pdf, page 67>
Package pdftex.def Info: ../minor_report/main.pdf , page67 used on input line 1
38.
(pdftex.def)             Requested size: 597.53416pt x 845.08372pt.
 [71 <../minor_report/main.pdf>]
<../minor_report/main.pdf, id=670, page=68, 597.50829pt x 845.0471pt>
File: ../minor_report/main.pdf Graphic file (type pdf)
<use ../minor_report/main.pdf, page 68>
Package pdftex.def Info: ../minor_report/main.pdf , page68 used on input line 1
38.
(pdftex.def)             Requested size: 597.53416pt x 845.08372pt.
File: ../minor_report/main.pdf Graphic file (type pdf)
<use ../minor_report/main.pdf, page 68>
Package pdftex.def Info: ../minor_report/main.pdf , page68 used on input line 1
38.
(pdftex.def)             Requested size: 597.53416pt x 845.08372pt.
File: ../minor_report/main.pdf Graphic file (type pdf)
<use ../minor_report/main.pdf, page 68>
Package pdftex.def Info: ../minor_report/main.pdf , page68 used on input line 1
38.
(pdftex.def)             Requested size: 597.53416pt x 845.08372pt.
 [72 <../minor_report/main.pdf>]
<../concerns/concerns.pdf, id=675, 597.50829pt x 845.0471pt>
File: ../concerns/concerns.pdf Graphic file (type pdf)
<use ../concerns/concerns.pdf>
Package pdftex.def Info: ../concerns/concerns.pdf  used on input line 139.
(pdftex.def)             Requested size: 597.50682pt x 845.04504pt.
File: ../concerns/concerns.pdf Graphic file (type pdf)
<use ../concerns/concerns.pdf>
Package pdftex.def Info: ../concerns/concerns.pdf  used on input line 139.
(pdftex.def)             Requested size: 597.50682pt x 845.04504pt.
<../concerns/concerns.pdf, id=678, page=1, 597.50829pt x 845.0471pt>
File: ../concerns/concerns.pdf Graphic file (type pdf)
<use ../concerns/concerns.pdf, page 1>
Package pdftex.def Info: ../concerns/concerns.pdf , page1 used on input line 13
9.
(pdftex.def)             Requested size: 597.50682pt x 845.04504pt.
File: ../concerns/concerns.pdf Graphic file (type pdf)
<use ../concerns/concerns.pdf, page 1>
Package pdftex.def Info: ../concerns/concerns.pdf , page1 used on input line 13
9.
(pdftex.def)             Requested size: 597.53416pt x 845.08372pt.
File: ../concerns/concerns.pdf Graphic file (type pdf)
<use ../concerns/concerns.pdf, page 1>
Package pdftex.def Info: ../concerns/concerns.pdf , page1 used on input line 13
9.
(pdftex.def)             Requested size: 597.53416pt x 845.08372pt.
File: ../concerns/concerns.pdf Graphic file (type pdf)
<use ../concerns/concerns.pdf, page 1>
Package pdftex.def Info: ../concerns/concerns.pdf , page1 used on input line 13
9.
(pdftex.def)             Requested size: 597.53416pt x 845.08372pt.
File: ../concerns/concerns.pdf Graphic file (type pdf)
<use ../concerns/concerns.pdf, page 1>
Package pdftex.def Info: ../concerns/concerns.pdf , page1 used on input line 13
9.
(pdftex.def)             Requested size: 597.53416pt x 845.08372pt.
 [73 <../concerns/concerns.pdf>]
<../concerns/concerns.pdf, id=734, page=2, 597.50829pt x 845.0471pt>
File: ../concerns/concerns.pdf Graphic file (type pdf)
<use ../concerns/concerns.pdf, page 2>
Package pdftex.def Info: ../concerns/concerns.pdf , page2 used on input line 13
9.
(pdftex.def)             Requested size: 597.53416pt x 845.08372pt.
File: ../concerns/concerns.pdf Graphic file (type pdf)
<use ../concerns/concerns.pdf, page 2>
Package pdftex.def Info: ../concerns/concerns.pdf , page2 used on input line 13
9.
(pdftex.def)             Requested size: 597.53416pt x 845.08372pt.
File: ../concerns/concerns.pdf Graphic file (type pdf)
<use ../concerns/concerns.pdf, page 2>
Package pdftex.def Info: ../concerns/concerns.pdf , page2 used on input line 13
9.
(pdftex.def)             Requested size: 597.53416pt x 845.08372pt.
 [74 <../concerns/concerns.pdf>]
<../concerns/concerns.pdf, id=743, page=3, 597.50829pt x 845.0471pt>
File: ../concerns/concerns.pdf Graphic file (type pdf)
<use ../concerns/concerns.pdf, page 3>
Package pdftex.def Info: ../concerns/concerns.pdf , page3 used on input line 13
9.
(pdftex.def)             Requested size: 597.53416pt x 845.08372pt.
File: ../concerns/concerns.pdf Graphic file (type pdf)
<use ../concerns/concerns.pdf, page 3>
Package pdftex.def Info: ../concerns/concerns.pdf , page3 used on input line 13
9.
(pdftex.def)             Requested size: 597.53416pt x 845.08372pt.
File: ../concerns/concerns.pdf Graphic file (type pdf)
<use ../concerns/concerns.pdf, page 3>
Package pdftex.def Info: ../concerns/concerns.pdf , page3 used on input line 13
9.
(pdftex.def)             Requested size: 597.53416pt x 845.08372pt.
 [75 <../concerns/concerns.pdf>]
<../concerns/concerns.pdf, id=748, page=4, 597.50829pt x 845.0471pt>
File: ../concerns/concerns.pdf Graphic file (type pdf)
<use ../concerns/concerns.pdf, page 4>
Package pdftex.def Info: ../concerns/concerns.pdf , page4 used on input line 13
9.
(pdftex.def)             Requested size: 597.53416pt x 845.08372pt.
File: ../concerns/concerns.pdf Graphic file (type pdf)
<use ../concerns/concerns.pdf, page 4>
Package pdftex.def Info: ../concerns/concerns.pdf , page4 used on input line 13
9.
(pdftex.def)             Requested size: 597.53416pt x 845.08372pt.
File: ../concerns/concerns.pdf Graphic file (type pdf)
<use ../concerns/concerns.pdf, page 4>
Package pdftex.def Info: ../concerns/concerns.pdf , page4 used on input line 13
9.
(pdftex.def)             Requested size: 597.53416pt x 845.08372pt.
 [76 <../concerns/concerns.pdf>]
<../concerns/concerns.pdf, id=753, page=5, 597.50829pt x 845.0471pt>
File: ../concerns/concerns.pdf Graphic file (type pdf)
<use ../concerns/concerns.pdf, page 5>
Package pdftex.def Info: ../concerns/concerns.pdf , page5 used on input line 13
9.
(pdftex.def)             Requested size: 597.53416pt x 845.08372pt.
File: ../concerns/concerns.pdf Graphic file (type pdf)
<use ../concerns/concerns.pdf, page 5>
Package pdftex.def Info: ../concerns/concerns.pdf , page5 used on input line 13
9.
(pdftex.def)             Requested size: 597.53416pt x 845.08372pt.
File: ../concerns/concerns.pdf Graphic file (type pdf)
<use ../concerns/concerns.pdf, page 5>
Package pdftex.def Info: ../concerns/concerns.pdf , page5 used on input line 13
9.
(pdftex.def)             Requested size: 597.53416pt x 845.08372pt.
 [77 <../concerns/concerns.pdf>]
<../concerns/concerns.pdf, id=758, page=6, 597.50829pt x 845.0471pt>
File: ../concerns/concerns.pdf Graphic file (type pdf)
<use ../concerns/concerns.pdf, page 6>
Package pdftex.def Info: ../concerns/concerns.pdf , page6 used on input line 13
9.
(pdftex.def)             Requested size: 597.53416pt x 845.08372pt.
File: ../concerns/concerns.pdf Graphic file (type pdf)
<use ../concerns/concerns.pdf, page 6>
Package pdftex.def Info: ../concerns/concerns.pdf , page6 used on input line 13
9.
(pdftex.def)             Requested size: 597.53416pt x 845.08372pt.
File: ../concerns/concerns.pdf Graphic file (type pdf)
<use ../concerns/concerns.pdf, page 6>
Package pdftex.def Info: ../concerns/concerns.pdf , page6 used on input line 13
9.
(pdftex.def)             Requested size: 597.53416pt x 845.08372pt.
 [78 <../concerns/concerns.pdf>]
<../concerns/concerns.pdf, id=767, page=7, 597.50829pt x 845.0471pt>
File: ../concerns/concerns.pdf Graphic file (type pdf)
<use ../concerns/concerns.pdf, page 7>
Package pdftex.def Info: ../concerns/concerns.pdf , page7 used on input line 13
9.
(pdftex.def)             Requested size: 597.53416pt x 845.08372pt.
File: ../concerns/concerns.pdf Graphic file (type pdf)
<use ../concerns/concerns.pdf, page 7>
Package pdftex.def Info: ../concerns/concerns.pdf , page7 used on input line 13
9.
(pdftex.def)             Requested size: 597.53416pt x 845.08372pt.
File: ../concerns/concerns.pdf Graphic file (type pdf)
<use ../concerns/concerns.pdf, page 7>
Package pdftex.def Info: ../concerns/concerns.pdf , page7 used on input line 13
9.
(pdftex.def)             Requested size: 597.53416pt x 845.08372pt.

[79 <../concerns/concerns.pdf>] (./progress_update.aux)
Package rerunfilecheck Info: File `progress_update.out' has not changed.
(rerunfilecheck)             Checksum: D41D8CD98F00B204E9800998ECF8427E;0.
 ) 
Here is how much of TeX's memory you used:
 13045 strings out of 480171
 215008 string characters out of 5894489
 538775 words of memory out of 5000000
 30655 multiletter control sequences out of 15000+600000
 519165 words of font info for 90 fonts, out of 8000000 for 9000
 59 hyphenation exceptions out of 8191
 70i,17n,76p,1012b,467s stack positions out of 5000i,500n,10000p,200000b,80000s
{/usr/share/texmf/fonts/enc/dvips/lm/lm-ec.enc}{/usr/share/texmf/fonts/enc/dv
ips/lm/lm-mathsy.enc}</usr/share/texmf/fonts/type1/public/lm/lmbx10.pfb></usr/s
hare/texmf/fonts/type1/public/lm/lmbx12.pfb></usr/share/texmf/fonts/type1/publi
c/lm/lmbx8.pfb></usr/share/texmf/fonts/type1/public/lm/lmbxi10.pfb></usr/share/
texmf/fonts/type1/public/lm/lmex10.pfb></usr/share/texmf/fonts/type1/public/lm/
lmmi10.pfb></usr/share/texmf/fonts/type1/public/lm/lmmi12.pfb></usr/share/texmf
/fonts/type1/public/lm/lmmi6.pfb></usr/share/texmf/fonts/type1/public/lm/lmmi8.
pfb></usr/share/texmf/fonts/type1/public/lm/lmmi9.pfb></usr/share/texmf/fonts/t
ype1/public/lm/lmr10.pfb></usr/share/texmf/fonts/type1/public/lm/lmr12.pfb></us
r/share/texmf/fonts/type1/public/lm/lmr17.pfb></usr/share/texmf/fonts/type1/pub
lic/lm/lmr5.pfb></usr/share/texmf/fonts/type1/public/lm/lmr6.pfb></usr/share/te
xmf/fonts/type1/public/lm/lmr8.pfb></usr/share/texmf/fonts/type1/public/lm/lmr9
.pfb></usr/share/texmf/fonts/type1/public/lm/lmri10.pfb></usr/share/texmf/fonts
/type1/public/lm/lmri12.pfb></usr/share/texmf/fonts/type1/public/lm/lmri8.pfb><
/usr/share/texmf/fonts/type1/public/lm/lmsy10.pfb></usr/share/texmf/fonts/type1
/public/lm/lmsy6.pfb></usr/share/texmf/fonts/type1/public/lm/lmsy7.pfb></usr/sh
are/texmf/fonts/type1/public/lm/lmsy8.pfb></usr/share/texmf/fonts/type1/public/
lm/lmtt10.pfb></usr/share/texmf/fonts/type1/public/lm/lmtt12.pfb></usr/share/te
xmf/fonts/type1/public/lm/lmtt8.pfb></usr/share/texlive/texmf-dist/fonts/type1/
public/amsfonts/symbols/msam10.pfb>
Output written on progress_update.pdf (79 pages, 3208246 bytes).
PDF statistics:
 844 PDF objects out of 1000 (max. 8388607)
 547 compressed objects within 6 object streams
 87 named destinations out of 1000 (max. 500000)
 29103 words of extra memory for PDF output out of 29859 (max. 10000000)

